Archive member included to satisfy reference by file (symbol)

c:/ac6/systemworkbench/plugins/fr.ac6.mcu.externaltools.arm-none.win32_1.17.0.201812190825/tools/compiler/bin/../lib/gcc/arm-none-eabi/7.3.1/thumb/v7e-m/fpv4-sp/hard\libgcc.a(_aeabi_uldivmod.o)
                              Drivers/STM32F4xx_HAL_Driver/Src/stm32f4xx_hal_rcc.o (__aeabi_uldivmod)
c:/ac6/systemworkbench/plugins/fr.ac6.mcu.externaltools.arm-none.win32_1.17.0.201812190825/tools/compiler/bin/../lib/gcc/arm-none-eabi/7.3.1/thumb/v7e-m/fpv4-sp/hard\libgcc.a(_udivmoddi4.o)
                              c:/ac6/systemworkbench/plugins/fr.ac6.mcu.externaltools.arm-none.win32_1.17.0.201812190825/tools/compiler/bin/../lib/gcc/arm-none-eabi/7.3.1/thumb/v7e-m/fpv4-sp/hard\libgcc.a(_aeabi_uldivmod.o) (__udivmoddi4)
c:/ac6/systemworkbench/plugins/fr.ac6.mcu.externaltools.arm-none.win32_1.17.0.201812190825/tools/compiler/bin/../lib/gcc/arm-none-eabi/7.3.1/thumb/v7e-m/fpv4-sp/hard\libgcc.a(_dvmd_tls.o)
                              c:/ac6/systemworkbench/plugins/fr.ac6.mcu.externaltools.arm-none.win32_1.17.0.201812190825/tools/compiler/bin/../lib/gcc/arm-none-eabi/7.3.1/thumb/v7e-m/fpv4-sp/hard\libgcc.a(_aeabi_uldivmod.o) (__aeabi_ldiv0)
c:/ac6/systemworkbench/plugins/fr.ac6.mcu.externaltools.arm-none.win32_1.17.0.201812190825/tools/compiler/bin/../lib/gcc/arm-none-eabi/7.3.1/../../../../arm-none-eabi/lib/thumb/v7e-m/fpv4-sp/hard\libc_nano.a(lib_a-exit.o)
                              c:/ac6/systemworkbench/plugins/fr.ac6.mcu.externaltools.arm-none.win32_1.17.0.201812190825/tools/compiler/bin/../lib/gcc/arm-none-eabi/7.3.1/../../../../arm-none-eabi/lib/thumb/v7e-m/fpv4-sp/hard/crt0.o (exit)
c:/ac6/systemworkbench/plugins/fr.ac6.mcu.externaltools.arm-none.win32_1.17.0.201812190825/tools/compiler/bin/../lib/gcc/arm-none-eabi/7.3.1/../../../../arm-none-eabi/lib/thumb/v7e-m/fpv4-sp/hard\libc_nano.a(lib_a-impure.o)
                              c:/ac6/systemworkbench/plugins/fr.ac6.mcu.externaltools.arm-none.win32_1.17.0.201812190825/tools/compiler/bin/../lib/gcc/arm-none-eabi/7.3.1/../../../../arm-none-eabi/lib/thumb/v7e-m/fpv4-sp/hard\libc_nano.a(lib_a-exit.o) (_global_impure_ptr)
c:/ac6/systemworkbench/plugins/fr.ac6.mcu.externaltools.arm-none.win32_1.17.0.201812190825/tools/compiler/bin/../lib/gcc/arm-none-eabi/7.3.1/../../../../arm-none-eabi/lib/thumb/v7e-m/fpv4-sp/hard\libc_nano.a(lib_a-init.o)
                              c:/ac6/systemworkbench/plugins/fr.ac6.mcu.externaltools.arm-none.win32_1.17.0.201812190825/tools/compiler/bin/../lib/gcc/arm-none-eabi/7.3.1/../../../../arm-none-eabi/lib/thumb/v7e-m/fpv4-sp/hard/crt0.o (__libc_init_array)
c:/ac6/systemworkbench/plugins/fr.ac6.mcu.externaltools.arm-none.win32_1.17.0.201812190825/tools/compiler/bin/../lib/gcc/arm-none-eabi/7.3.1/../../../../arm-none-eabi/lib/thumb/v7e-m/fpv4-sp/hard\libc_nano.a(lib_a-memset.o)
                              c:/ac6/systemworkbench/plugins/fr.ac6.mcu.externaltools.arm-none.win32_1.17.0.201812190825/tools/compiler/bin/../lib/gcc/arm-none-eabi/7.3.1/../../../../arm-none-eabi/lib/thumb/v7e-m/fpv4-sp/hard/crt0.o (memset)
c:/ac6/systemworkbench/plugins/fr.ac6.mcu.externaltools.arm-none.win32_1.17.0.201812190825/tools/compiler/bin/../lib/gcc/arm-none-eabi/7.3.1/../../../../arm-none-eabi/lib/thumb/v7e-m/fpv4-sp/hard\libnosys.a(_exit.o)
                              c:/ac6/systemworkbench/plugins/fr.ac6.mcu.externaltools.arm-none.win32_1.17.0.201812190825/tools/compiler/bin/../lib/gcc/arm-none-eabi/7.3.1/../../../../arm-none-eabi/lib/thumb/v7e-m/fpv4-sp/hard\libc_nano.a(lib_a-exit.o) (_exit)

Allocating common symbols
Common symbol       size              file

hi2c3               0x54              Src/main.o
hspi5               0x58              Src/main.o
uwTick              0x4               Drivers/STM32F4xx_HAL_Driver/Src/stm32f4xx_hal.o
pFlash              0x20              Drivers/STM32F4xx_HAL_Driver/Src/stm32f4xx_hal_flash.o
hltdc               0xa8              Src/main.o
hdma2d              0x40              Src/main.o
hsdram1             0x34              Src/main.o
I2cHandle           0x54              Drivers/BSP/STM32F429I-Discovery/stm32f429i_discovery.o
LcdDrv              0x4               Drivers/BSP/STM32F429I-Discovery/stm32f429i_discovery_lcd.o

Discarded input sections

 .text          0x00000000        0x0 c:/ac6/systemworkbench/plugins/fr.ac6.mcu.externaltools.arm-none.win32_1.17.0.201812190825/tools/compiler/bin/../lib/gcc/arm-none-eabi/7.3.1/thumb/v7e-m/fpv4-sp/hard/crti.o
 .data          0x00000000        0x0 c:/ac6/systemworkbench/plugins/fr.ac6.mcu.externaltools.arm-none.win32_1.17.0.201812190825/tools/compiler/bin/../lib/gcc/arm-none-eabi/7.3.1/thumb/v7e-m/fpv4-sp/hard/crti.o
 .bss           0x00000000        0x0 c:/ac6/systemworkbench/plugins/fr.ac6.mcu.externaltools.arm-none.win32_1.17.0.201812190825/tools/compiler/bin/../lib/gcc/arm-none-eabi/7.3.1/thumb/v7e-m/fpv4-sp/hard/crti.o
[...]
Memory Configuration

Name             Origin             Length             Attributes
RAM              0x20000000         0x00030000         xrw
CCMRAM           0x10000000         0x00010000         rw
FLASH            0x08000000         0x00200000         xr
*default*        0x00000000         0xffffffff

Linker script and memory map

LOAD c:/ac6/systemworkbench/plugins/fr.ac6.mcu.externaltools.arm-none.win32_1.17.0.201812190825/tools/compiler/bin/../lib/gcc/arm-none-eabi/7.3.1/thumb/v7e-m/fpv4-sp/hard/crti.o
LOAD c:/ac6/systemworkbench/plugins/fr.ac6.mcu.externaltools.arm-none.win32_1.17.0.201812190825/tools/compiler/bin/../lib/gcc/arm-none-eabi/7.3.1/thumb/v7e-m/fpv4-sp/hard/crtbegin.o
LOAD c:/ac6/systemworkbench/plugins/fr.ac6.mcu.externaltools.arm-none.win32_1.17.0.201812190825/tools/compiler/bin/../lib/gcc/arm-none-eabi/7.3.1/../../../../arm-none-eabi/lib/thumb/v7e-m/fpv4-sp/hard/crt0.o
LOAD Drivers/BSP/Components/cs43l22/cs43l22.o
LOAD Drivers/BSP/Components/ili9325/ili9325.o
LOAD Drivers/BSP/Components/ili9341/ili9341.o
LOAD Drivers/BSP/Components/l3gd20/l3gd20.o
LOAD Drivers/BSP/Components/lis302dl/lis302dl.o
LOAD Drivers/BSP/Components/lis3dsh/lis3dsh.o
LOAD Drivers/BSP/Components/lsm303dlhc/lsm303dlhc.o
LOAD Drivers/BSP/Components/mfxstm32l152/mfxstm32l152.o
LOAD Drivers/BSP/Components/ov2640/ov2640.o
LOAD Drivers/BSP/Components/s5k5cag/s5k5cag.o
LOAD Drivers/BSP/Components/st7735/st7735.o
LOAD Drivers/BSP/Components/stmpe1600/stmpe1600.o
LOAD Drivers/BSP/Components/stmpe811/stmpe811.o
LOAD Drivers/BSP/Components/ts3510/ts3510.o
LOAD Drivers/BSP/Components/wm8994/wm8994.o
LOAD Drivers/BSP/STM32F429I-Discovery/stm32f429i_discovery.o
LOAD Drivers/BSP/STM32F429I-Discovery/stm32f429i_discovery_eeprom.o
LOAD Drivers/BSP/STM32F429I-Discovery/stm32f429i_discovery_gyroscope.o
LOAD Drivers/BSP/STM32F429I-Discovery/stm32f429i_discovery_io.o
LOAD Drivers/BSP/STM32F429I-Discovery/stm32f429i_discovery_lcd.o
LOAD Drivers/BSP/STM32F429I-Discovery/stm32f429i_discovery_sdram.o
LOAD Drivers/BSP/STM32F429I-Discovery/stm32f429i_discovery_ts.o
LOAD Drivers/STM32F4xx_HAL_Driver/Src/stm32f4xx_hal.o
LOAD Drivers/STM32F4xx_HAL_Driver/Src/stm32f4xx_hal_cortex.o
LOAD Drivers/STM32F4xx_HAL_Driver/Src/stm32f4xx_hal_dma.o
LOAD Drivers/STM32F4xx_HAL_Driver/Src/stm32f4xx_hal_dma2d.o
LOAD Drivers/STM32F4xx_HAL_Driver/Src/stm32f4xx_hal_dma_ex.o
LOAD Drivers/STM32F4xx_HAL_Driver/Src/stm32f4xx_hal_dsi.o
LOAD Drivers/STM32F4xx_HAL_Driver/Src/stm32f4xx_hal_flash.o
LOAD Drivers/STM32F4xx_HAL_Driver/Src/stm32f4xx_hal_flash_ex.o
LOAD Drivers/STM32F4xx_HAL_Driver/Src/stm32f4xx_hal_flash_ramfunc.o
LOAD Drivers/STM32F4xx_HAL_Driver/Src/stm32f4xx_hal_gpio.o
LOAD Drivers/STM32F4xx_HAL_Driver/Src/stm32f4xx_hal_i2c.o
LOAD Drivers/STM32F4xx_HAL_Driver/Src/stm32f4xx_hal_i2c_ex.o
LOAD Drivers/STM32F4xx_HAL_Driver/Src/stm32f4xx_hal_ltdc.o
LOAD Drivers/STM32F4xx_HAL_Driver/Src/stm32f4xx_hal_ltdc_ex.o
LOAD Drivers/STM32F4xx_HAL_Driver/Src/stm32f4xx_hal_pwr.o
LOAD Drivers/STM32F4xx_HAL_Driver/Src/stm32f4xx_hal_pwr_ex.o
LOAD Drivers/STM32F4xx_HAL_Driver/Src/stm32f4xx_hal_rcc.o
LOAD Drivers/STM32F4xx_HAL_Driver/Src/stm32f4xx_hal_rcc_ex.o
LOAD Drivers/STM32F4xx_HAL_Driver/Src/stm32f4xx_hal_sdram.o
LOAD Drivers/STM32F4xx_HAL_Driver/Src/stm32f4xx_hal_spi.o
LOAD Drivers/STM32F4xx_HAL_Driver/Src/stm32f4xx_hal_tim.o
LOAD Drivers/STM32F4xx_HAL_Driver/Src/stm32f4xx_hal_tim_ex.o
LOAD Drivers/STM32F4xx_HAL_Driver/Src/stm32f4xx_ll_fmc.o
LOAD Src/main.o
LOAD Src/stm32f4xx_hal_msp.o
LOAD Src/stm32f4xx_it.o
LOAD Src/system_stm32f4xx.o
LOAD startup/startup_stm32f429xx.o
LOAD c:/ac6/systemworkbench/plugins/fr.ac6.mcu.externaltools.arm-none.win32_1.17.0.201812190825/tools/compiler/bin/../lib/gcc/arm-none-eabi/7.3.1/../../../../arm-none-eabi/lib/thumb/v7e-m/fpv4-sp/hard\libm.a
START GROUP
LOAD c:/ac6/systemworkbench/plugins/fr.ac6.mcu.externaltools.arm-none.win32_1.17.0.201812190825/tools/compiler/bin/../lib/gcc/arm-none-eabi/7.3.1/thumb/v7e-m/fpv4-sp/hard\libgcc.a
LOAD c:/ac6/systemworkbench/plugins/fr.ac6.mcu.externaltools.arm-none.win32_1.17.0.201812190825/tools/compiler/bin/../lib/gcc/arm-none-eabi/7.3.1/../../../../arm-none-eabi/lib/thumb/v7e-m/fpv4-sp/hard\libc_nano.a
END GROUP
START GROUP
LOAD c:/ac6/systemworkbench/plugins/fr.ac6.mcu.externaltools.arm-none.win32_1.17.0.201812190825/tools/compiler/bin/../lib/gcc/arm-none-eabi/7.3.1/thumb/v7e-m/fpv4-sp/hard\libgcc.a
LOAD c:/ac6/systemworkbench/plugins/fr.ac6.mcu.externaltools.arm-none.win32_1.17.0.201812190825/tools/compiler/bin/../lib/gcc/arm-none-eabi/7.3.1/../../../../arm-none-eabi/lib/thumb/v7e-m/fpv4-sp/hard\libc_nano.a
LOAD c:/ac6/systemworkbench/plugins/fr.ac6.mcu.externaltools.arm-none.win32_1.17.0.201812190825/tools/compiler/bin/../lib/gcc/arm-none-eabi/7.3.1/../../../../arm-none-eabi/lib/thumb/v7e-m/fpv4-sp/hard\libnosys.a
END GROUP
START GROUP
LOAD c:/ac6/systemworkbench/plugins/fr.ac6.mcu.externaltools.arm-none.win32_1.17.0.201812190825/tools/compiler/bin/../lib/gcc/arm-none-eabi/7.3.1/thumb/v7e-m/fpv4-sp/hard\libgcc.a
LOAD c:/ac6/systemworkbench/plugins/fr.ac6.mcu.externaltools.arm-none.win32_1.17.0.201812190825/tools/compiler/bin/../lib/gcc/arm-none-eabi/7.3.1/../../../../arm-none-eabi/lib/thumb/v7e-m/fpv4-sp/hard\libc_nano.a
LOAD c:/ac6/systemworkbench/plugins/fr.ac6.mcu.externaltools.arm-none.win32_1.17.0.201812190825/tools/compiler/bin/../lib/gcc/arm-none-eabi/7.3.1/../../../../arm-none-eabi/lib/thumb/v7e-m/fpv4-sp/hard\libnosys.a
END GROUP
LOAD c:/ac6/systemworkbench/plugins/fr.ac6.mcu.externaltools.arm-none.win32_1.17.0.201812190825/tools/compiler/bin/../lib/gcc/arm-none-eabi/7.3.1/thumb/v7e-m/fpv4-sp/hard/crtend.o
LOAD c:/ac6/systemworkbench/plugins/fr.ac6.mcu.externaltools.arm-none.win32_1.17.0.201812190825/tools/compiler/bin/../lib/gcc/arm-none-eabi/7.3.1/thumb/v7e-m/fpv4-sp/hard/crtn.o
                0x20030000                _estack = 0x20030000
                0x00000200                _Min_Heap_Size = 0x200
                0x00000400                _Min_Stack_Size = 0x400

.isr_vector     0x08000000      0x1ac
                0x08000000                . = ALIGN (0x4)
 *(.isr_vector)
 .isr_vector    0x08000000      0x1ac startup/startup_stm32f429xx.o
                0x08000000                g_pfnVectors
                0x080001ac                . = ALIGN (0x4)

.text           0x080001ac     0x3ab0
                0x080001ac                . = ALIGN (0x4)
 *(.text)
 .text          0x080001ac       0x40 c:/ac6/systemworkbench/plugins/fr.ac6.mcu.externaltools.arm-none.win32_1.17.0.201812190825/tools/compiler/bin/../lib/gcc/arm-none-eabi/7.3.1/thumb/v7e-m/fpv4-sp/hard/crtbegin.o
 .text          0x080001ec       0x30 c:/ac6/systemworkbench/plugins/fr.ac6.mcu.externaltools.arm-none.win32_1.17.0.201812190825/tools/compiler/bin/../lib/gcc/arm-none-eabi/7.3.1/thumb/v7e-m/fpv4-sp/hard\libgcc.a(_aeabi_uldivmod.o)
                0x080001ec                __aeabi_uldivmod
 .text          0x0800021c      0x2cc c:/ac6/systemworkbench/plugins/fr.ac6.mcu.externaltools.arm-none.win32_1.17.0.201812190825/tools/compiler/bin/../lib/gcc/arm-none-eabi/7.3.1/thumb/v7e-m/fpv4-sp/hard\libgcc.a(_udivmoddi4.o)
                0x0800021c                __udivmoddi4
 .text          0x080004e8        0x4 c:/ac6/systemworkbench/plugins/fr.ac6.mcu.externaltools.arm-none.win32_1.17.0.201812190825/tools/compiler/bin/../lib/gcc/arm-none-eabi/7.3.1/thumb/v7e-m/fpv4-sp/hard\libgcc.a(_dvmd_tls.o)
                0x080004e8                __aeabi_idiv0
                0x080004e8                __aeabi_ldiv0
 *(.text*)
 .text.ili9341_GetLcdPixelWidth
                0x080004ec        0x4 Drivers/BSP/Components/ili9341/ili9341.o
                0x080004ec                ili9341_GetLcdPixelWidth
 .text.ili9341_GetLcdPixelHeight
                0x080004f0        0x6 Drivers/BSP/Components/ili9341/ili9341.o
                0x080004f0                ili9341_GetLcdPixelHeight
 .text.ili9341_WriteReg
                0x080004f6        0x8 Drivers/BSP/Components/ili9341/ili9341.o
                0x080004f6                ili9341_WriteReg
 .text.ili9341_DisplayOn
                0x080004fe        0xa Drivers/BSP/Components/ili9341/ili9341.o
                0x080004fe                ili9341_DisplayOn
 .text.ili9341_DisplayOff
                0x08000508        0xa Drivers/BSP/Components/ili9341/ili9341.o
                0x08000508                ili9341_DisplayOff
 .text.ili9341_WriteData
                0x08000512        0x8 Drivers/BSP/Components/ili9341/ili9341.o
                0x08000512                ili9341_WriteData
 .text.ili9341_Init
                0x0800051a      0x290 Drivers/BSP/Components/ili9341/ili9341.o
                0x0800051a                ili9341_Init
 .text.ili9341_ReadData
                0x080007aa        0x8 Drivers/BSP/Components/ili9341/ili9341.o
                0x080007aa                ili9341_ReadData
 .text.ili9341_ReadID
                0x080007b2       0x12 Drivers/BSP/Components/ili9341/ili9341.o
                0x080007b2                ili9341_ReadID
 .text.SPIx_MspInit
                0x080007c4       0x5c Drivers/BSP/STM32F429I-Discovery/stm32f429i_discovery.o
 .text.SPIx_Init
                0x08000820       0x4c Drivers/BSP/STM32F429I-Discovery/stm32f429i_discovery.o
 .text.SPIx_Error
                0x0800086c       0x14 Drivers/BSP/STM32F429I-Discovery/stm32f429i_discovery.o
 .text.SPIx_Write
                0x08000880       0x2c Drivers/BSP/STM32F429I-Discovery/stm32f429i_discovery.o
 .text.SPIx_Read
                0x080008ac       0x2c Drivers/BSP/STM32F429I-Discovery/stm32f429i_discovery.o
 .text.LCD_IO_Init
                0x080008d8       0xcc Drivers/BSP/STM32F429I-Discovery/stm32f429i_discovery.o
                0x080008d8                LCD_IO_Init
 .text.LCD_IO_WriteData
                0x080009a4       0x38 Drivers/BSP/STM32F429I-Discovery/stm32f429i_discovery.o
                0x080009a4                LCD_IO_WriteData
 .text.LCD_IO_WriteReg
                0x080009dc       0x38 Drivers/BSP/STM32F429I-Discovery/stm32f429i_discovery.o
                0x080009dc                LCD_IO_WriteReg
 .text.LCD_IO_ReadData
                0x08000a14       0x50 Drivers/BSP/STM32F429I-Discovery/stm32f429i_discovery.o
                0x08000a14                LCD_IO_ReadData
 .text.LCD_Delay
                0x08000a64        0x8 Drivers/BSP/STM32F429I-Discovery/stm32f429i_discovery.o
                0x08000a64                LCD_Delay
 .text.MspInit  0x08000a6c      0x148 Drivers/BSP/STM32F429I-Discovery/stm32f429i_discovery_lcd.o
 .text.FillBuffer
                0x08000bb4       0x5c Drivers/BSP/STM32F429I-Discovery/stm32f429i_discovery_lcd.o
 .text.BSP_LCD_GetXSize
                0x08000c10       0x10 Drivers/BSP/STM32F429I-Discovery/stm32f429i_discovery_lcd.o
                0x08000c10                BSP_LCD_GetXSize
 .text.BSP_LCD_GetYSize
                0x08000c20       0x10 Drivers/BSP/STM32F429I-Discovery/stm32f429i_discovery_lcd.o
                0x08000c20                BSP_LCD_GetYSize
 .text.BSP_LCD_LayerDefaultInit
                0x08000c30       0x8c Drivers/BSP/STM32F429I-Discovery/stm32f429i_discovery_lcd.o
                0x08000c30                BSP_LCD_LayerDefaultInit
 .text.BSP_LCD_SelectLayer
                0x08000cbc        0xc Drivers/BSP/STM32F429I-Discovery/stm32f429i_discovery_lcd.o
                0x08000cbc                BSP_LCD_SelectLayer
 .text.BSP_LCD_SetTextColor
                0x08000cc8       0x18 Drivers/BSP/STM32F429I-Discovery/stm32f429i_discovery_lcd.o
                0x08000cc8                BSP_LCD_SetTextColor
 .text.BSP_LCD_SetFont
                0x08000ce0       0x18 Drivers/BSP/STM32F429I-Discovery/stm32f429i_discovery_lcd.o
                0x08000ce0                BSP_LCD_SetFont
 .text.BSP_LCD_Init
                0x08000cf8       0xa0 Drivers/BSP/STM32F429I-Discovery/stm32f429i_discovery_lcd.o
                0x08000cf8                BSP_LCD_Init
 .text.BSP_LCD_GetFont
                0x08000d98       0x18 Drivers/BSP/STM32F429I-Discovery/stm32f429i_discovery_lcd.o
                0x08000d98                BSP_LCD_GetFont
 .text.BSP_LCD_Clear
                0x08000db0       0x3c Drivers/BSP/STM32F429I-Discovery/stm32f429i_discovery_lcd.o
                0x08000db0                BSP_LCD_Clear
 .text.BSP_LCD_DisplayOn
                0x08000dec       0x14 Drivers/BSP/STM32F429I-Discovery/stm32f429i_discovery_lcd.o
                0x08000dec                BSP_LCD_DisplayOn
 .text.BSP_LCD_DrawPixel
                0x08000e00       0x2c Drivers/BSP/STM32F429I-Discovery/stm32f429i_discovery_lcd.o
                0x08000e00                BSP_LCD_DrawPixel
 .text.DrawChar
                0x08000e2c       0xec Drivers/BSP/STM32F429I-Discovery/stm32f429i_discovery_lcd.o
 .text.BSP_LCD_DisplayChar
                0x08000f18       0x34 Drivers/BSP/STM32F429I-Discovery/stm32f429i_discovery_lcd.o
                0x08000f18                BSP_LCD_DisplayChar
 .text.BSP_LCD_DisplayStringAt
                0x08000f4c       0xd0 Drivers/BSP/STM32F429I-Discovery/stm32f429i_discovery_lcd.o
                0x08000f4c                BSP_LCD_DisplayStringAt
 .text.BSP_LCD_DisplayStringAtLine
                0x0800101c       0x1e Drivers/BSP/STM32F429I-Discovery/stm32f429i_discovery_lcd.o
                0x0800101c                BSP_LCD_DisplayStringAtLine
 *fill*         0x0800103a        0x2 
 .text.MspInit  0x0800103c      0x18c Drivers/BSP/STM32F429I-Discovery/stm32f429i_discovery_sdram.o
 .text.BSP_SDRAM_Initialization_sequence
                0x080011c8       0xb8 Drivers/BSP/STM32F429I-Discovery/stm32f429i_discovery_sdram.o
                0x080011c8                BSP_SDRAM_Initialization_sequence
 .text.BSP_SDRAM_Init
                0x08001280       0x7c Drivers/BSP/STM32F429I-Discovery/stm32f429i_discovery_sdram.o
                0x08001280                BSP_SDRAM_Init
 .text.HAL_InitTick
                0x080012fc       0x48 Drivers/STM32F4xx_HAL_Driver/Src/stm32f4xx_hal.o
                0x080012fc                HAL_InitTick
 .text.HAL_Init
                0x08001344       0x34 Drivers/STM32F4xx_HAL_Driver/Src/stm32f4xx_hal.o
                0x08001344                HAL_Init
 .text.HAL_IncTick
                0x08001378       0x18 Drivers/STM32F4xx_HAL_Driver/Src/stm32f4xx_hal.o
                0x08001378                HAL_IncTick
 .text.HAL_GetTick
                0x08001390        0xc Drivers/STM32F4xx_HAL_Driver/Src/stm32f4xx_hal.o
                0x08001390                HAL_GetTick
 .text.HAL_Delay
                0x0800139c       0x28 Drivers/STM32F4xx_HAL_Driver/Src/stm32f4xx_hal.o
                0x0800139c                HAL_Delay
 .text.HAL_NVIC_SetPriorityGrouping
                0x080013c4       0x24 Drivers/STM32F4xx_HAL_Driver/Src/stm32f4xx_hal_cortex.o
                0x080013c4                HAL_NVIC_SetPriorityGrouping
 .text.HAL_NVIC_SetPriority
                0x080013e8       0x68 Drivers/STM32F4xx_HAL_Driver/Src/stm32f4xx_hal_cortex.o
                0x080013e8                HAL_NVIC_SetPriority
 .text.HAL_NVIC_EnableIRQ
                0x08001450       0x18 Drivers/STM32F4xx_HAL_Driver/Src/stm32f4xx_hal_cortex.o
                0x08001450                HAL_NVIC_EnableIRQ
 .text.HAL_SYSTICK_Config
                0x08001468       0x2c Drivers/STM32F4xx_HAL_Driver/Src/stm32f4xx_hal_cortex.o
                0x08001468                HAL_SYSTICK_Config
 .text.DMA_CalcBaseAndBitshift
                0x08001494       0x3c Drivers/STM32F4xx_HAL_Driver/Src/stm32f4xx_hal_dma.o
 .text.DMA_CheckFifoParam
                0x080014d0       0x8e Drivers/STM32F4xx_HAL_Driver/Src/stm32f4xx_hal_dma.o
 *fill*         0x0800155e        0x2 
 .text.HAL_DMA_Init
                0x08001560       0xcc Drivers/STM32F4xx_HAL_Driver/Src/stm32f4xx_hal_dma.o
                0x08001560                HAL_DMA_Init
 .text.HAL_DMA_DeInit
                0x0800162c       0x58 Drivers/STM32F4xx_HAL_Driver/Src/stm32f4xx_hal_dma.o
                0x0800162c                HAL_DMA_DeInit
 .text.DMA2D_SetConfig
                0x08001684       0x8c Drivers/STM32F4xx_HAL_Driver/Src/stm32f4xx_hal_dma2d.o
 .text.HAL_DMA2D_Init
                0x08001710       0x5a Drivers/STM32F4xx_HAL_Driver/Src/stm32f4xx_hal_dma2d.o
                0x08001710                HAL_DMA2D_Init
 .text.HAL_DMA2D_Start
                0x0800176a       0x38 Drivers/STM32F4xx_HAL_Driver/Src/stm32f4xx_hal_dma2d.o
                0x0800176a                HAL_DMA2D_Start
 .text.HAL_DMA2D_PollForTransfer
                0x080017a2      0x13e Drivers/STM32F4xx_HAL_Driver/Src/stm32f4xx_hal_dma2d.o
                0x080017a2                HAL_DMA2D_PollForTransfer
 .text.HAL_DMA2D_ConfigLayer
                0x080018e0       0xc8 Drivers/STM32F4xx_HAL_Driver/Src/stm32f4xx_hal_dma2d.o
                0x080018e0                HAL_DMA2D_ConfigLayer
 .text.HAL_GPIO_Init
                0x080019a8      0x1e0 Drivers/STM32F4xx_HAL_Driver/Src/stm32f4xx_hal_gpio.o
                0x080019a8                HAL_GPIO_Init
 .text.HAL_GPIO_DeInit
                0x08001b88      0x13c Drivers/STM32F4xx_HAL_Driver/Src/stm32f4xx_hal_gpio.o
                0x08001b88                HAL_GPIO_DeInit
 .text.HAL_GPIO_WritePin
                0x08001cc4        0xc Drivers/STM32F4xx_HAL_Driver/Src/stm32f4xx_hal_gpio.o
                0x08001cc4                HAL_GPIO_WritePin
 .text.HAL_I2C_Init
                0x08001cd0      0x11c Drivers/STM32F4xx_HAL_Driver/Src/stm32f4xx_hal_i2c.o
                0x08001cd0                HAL_I2C_Init
 .text.HAL_I2CEx_ConfigAnalogFilter
                0x08001dec       0x44 Drivers/STM32F4xx_HAL_Driver/Src/stm32f4xx_hal_i2c_ex.o
                0x08001dec                HAL_I2CEx_ConfigAnalogFilter
 .text.HAL_I2CEx_ConfigDigitalFilter
                0x08001e30       0x42 Drivers/STM32F4xx_HAL_Driver/Src/stm32f4xx_hal_i2c_ex.o
                0x08001e30                HAL_I2CEx_ConfigDigitalFilter
 .text.LTDC_SetConfig
                0x08001e72      0x192 Drivers/STM32F4xx_HAL_Driver/Src/stm32f4xx_hal_ltdc.o
 .text.HAL_LTDC_Init
                0x08002004       0xf4 Drivers/STM32F4xx_HAL_Driver/Src/stm32f4xx_hal_ltdc.o
                0x08002004                HAL_LTDC_Init
 .text.HAL_LTDC_ConfigLayer
                0x080020f8       0x5c Drivers/STM32F4xx_HAL_Driver/Src/stm32f4xx_hal_ltdc.o
                0x080020f8                HAL_LTDC_ConfigLayer
 .text.HAL_LTDC_EnableDither
                0x08002154       0x34 Drivers/STM32F4xx_HAL_Driver/Src/stm32f4xx_hal_ltdc.o
                0x08002154                HAL_LTDC_EnableDither
 .text.HAL_PWREx_EnableOverDrive
                0x08002188       0x80 Drivers/STM32F4xx_HAL_Driver/Src/stm32f4xx_hal_pwr_ex.o
                0x08002188                HAL_PWREx_EnableOverDrive
 .text.HAL_RCC_OscConfig
                0x08002208      0x398 Drivers/STM32F4xx_HAL_Driver/Src/stm32f4xx_hal_rcc.o
                0x08002208                HAL_RCC_OscConfig
 .text.HAL_RCC_GetSysClockFreq
                0x080025a0       0xa8 Drivers/STM32F4xx_HAL_Driver/Src/stm32f4xx_hal_rcc.o
                0x080025a0                HAL_RCC_GetSysClockFreq
 .text.HAL_RCC_ClockConfig
                0x08002648      0x158 Drivers/STM32F4xx_HAL_Driver/Src/stm32f4xx_hal_rcc.o
                0x08002648                HAL_RCC_ClockConfig
 .text.HAL_RCC_GetHCLKFreq
                0x080027a0        0xc Drivers/STM32F4xx_HAL_Driver/Src/stm32f4xx_hal_rcc.o
                0x080027a0                HAL_RCC_GetHCLKFreq
 .text.HAL_RCC_GetPCLK1Freq
                0x080027ac       0x20 Drivers/STM32F4xx_HAL_Driver/Src/stm32f4xx_hal_rcc.o
                0x080027ac                HAL_RCC_GetPCLK1Freq
 .text.HAL_RCCEx_PeriphCLKConfig
                0x080027cc      0x268 Drivers/STM32F4xx_HAL_Driver/Src/stm32f4xx_hal_rcc_ex.o
                0x080027cc                HAL_RCCEx_PeriphCLKConfig
 .text.HAL_SDRAM_Init
                0x08002a34       0x3e Drivers/STM32F4xx_HAL_Driver/Src/stm32f4xx_hal_sdram.o
                0x08002a34                HAL_SDRAM_Init
 .text.HAL_SDRAM_SendCommand
                0x08002a72       0x3a Drivers/STM32F4xx_HAL_Driver/Src/stm32f4xx_hal_sdram.o
                0x08002a72                HAL_SDRAM_SendCommand
 .text.HAL_SDRAM_ProgramRefreshRate
                0x08002aac       0x28 Drivers/STM32F4xx_HAL_Driver/Src/stm32f4xx_hal_sdram.o
                0x08002aac                HAL_SDRAM_ProgramRefreshRate
 .text.SPI_WaitFlagStateUntilTimeout
                0x08002ad4       0x96 Drivers/STM32F4xx_HAL_Driver/Src/stm32f4xx_hal_spi.o
 .text.SPI_CheckFlag_BSY
                0x08002b6a       0x28 Drivers/STM32F4xx_HAL_Driver/Src/stm32f4xx_hal_spi.o
 .text.HAL_SPI_Init
                0x08002b92       0x80 Drivers/STM32F4xx_HAL_Driver/Src/stm32f4xx_hal_spi.o
                0x08002b92                HAL_SPI_Init
 .text.HAL_SPI_DeInit
                0x08002c12       0x2c Drivers/STM32F4xx_HAL_Driver/Src/stm32f4xx_hal_spi.o
                0x08002c12                HAL_SPI_DeInit
 .text.HAL_SPI_Transmit
                0x08002c3e      0x1a6 Drivers/STM32F4xx_HAL_Driver/Src/stm32f4xx_hal_spi.o
                0x08002c3e                HAL_SPI_Transmit
 .text.HAL_SPI_TransmitReceive
                0x08002de4      0x238 Drivers/STM32F4xx_HAL_Driver/Src/stm32f4xx_hal_spi.o
                0x08002de4                HAL_SPI_TransmitReceive
 .text.HAL_SPI_Receive
                0x0800301c      0x168 Drivers/STM32F4xx_HAL_Driver/Src/stm32f4xx_hal_spi.o
                0x0800301c                HAL_SPI_Receive
 .text.HAL_SPI_GetState
                0x08003184        0x6 Drivers/STM32F4xx_HAL_Driver/Src/stm32f4xx_hal_spi.o
                0x08003184                HAL_SPI_GetState
 .text.FMC_SDRAM_Init
                0x0800318a       0x78 Drivers/STM32F4xx_HAL_Driver/Src/stm32f4xx_ll_fmc.o
                0x0800318a                FMC_SDRAM_Init
 .text.FMC_SDRAM_Timing_Init
                0x08003202       0x96 Drivers/STM32F4xx_HAL_Driver/Src/stm32f4xx_ll_fmc.o
                0x08003202                FMC_SDRAM_Timing_Init
 .text.FMC_SDRAM_SendCommand
                0x08003298       0x54 Drivers/STM32F4xx_HAL_Driver/Src/stm32f4xx_ll_fmc.o
                0x08003298                FMC_SDRAM_SendCommand
 .text.FMC_SDRAM_ProgramRefreshRate
                0x080032ec        0xc Drivers/STM32F4xx_HAL_Driver/Src/stm32f4xx_ll_fmc.o
                0x080032ec                FMC_SDRAM_ProgramRefreshRate
 .text.MX_GPIO_Init
                0x080032f8       0x9c Src/main.o
 .text.MX_DMA2D_Init
                0x08003394       0x34 Src/main.o
 .text.MX_FMC_Init
                0x080033c8       0x4c Src/main.o
 .text.MX_I2C3_Init
                0x08003414       0x44 Src/main.o
 .text.MX_LTDC_Init
                0x08003458       0xd4 Src/main.o
 .text.MX_SPI5_Init
                0x0800352c       0x38 Src/main.o
 .text.SystemClock_Config
                0x08003564       0xb4 Src/main.o
                0x08003564                SystemClock_Config
 .text.main     0x08003618       0xf4 Src/main.o
                0x08003618                main
 .text.HAL_FMC_MspInit
                0x0800370c       0xdc Src/stm32f4xx_hal_msp.o
 .text.HAL_MspInit
                0x080037e8       0x38 Src/stm32f4xx_hal_msp.o
                0x080037e8                HAL_MspInit
 .text.HAL_DMA2D_MspInit
                0x08003820       0x30 Src/stm32f4xx_hal_msp.o
                0x08003820                HAL_DMA2D_MspInit
 .text.HAL_I2C_MspInit
                0x08003850       0xb4 Src/stm32f4xx_hal_msp.o
                0x08003850                HAL_I2C_MspInit
 .text.HAL_LTDC_MspInit
                0x08003904      0x188 Src/stm32f4xx_hal_msp.o
                0x08003904                HAL_LTDC_MspInit
 .text.HAL_SPI_MspInit
                0x08003a8c       0x70 Src/stm32f4xx_hal_msp.o
                0x08003a8c                HAL_SPI_MspInit
 .text.HAL_SPI_MspDeInit
                0x08003afc       0x30 Src/stm32f4xx_hal_msp.o
                0x08003afc                HAL_SPI_MspDeInit
 .text.HAL_SDRAM_MspInit
                0x08003b2c        0x8 Src/stm32f4xx_hal_msp.o
                0x08003b2c                HAL_SDRAM_MspInit
 .text.NMI_Handler
                0x08003b34        0x2 Src/stm32f4xx_it.o
                0x08003b34                NMI_Handler
 .text.HardFault_Handler
                0x08003b36        0x2 Src/stm32f4xx_it.o
                0x08003b36                HardFault_Handler
 .text.MemManage_Handler
                0x08003b38        0x2 Src/stm32f4xx_it.o
                0x08003b38                MemManage_Handler
 .text.BusFault_Handler
                0x08003b3a        0x2 Src/stm32f4xx_it.o
                0x08003b3a                BusFault_Handler
 .text.UsageFault_Handler
                0x08003b3c        0x2 Src/stm32f4xx_it.o
                0x08003b3c                UsageFault_Handler
 .text.SVC_Handler
                0x08003b3e        0x2 Src/stm32f4xx_it.o
                0x08003b3e                SVC_Handler
 .text.DebugMon_Handler
                0x08003b40        0x2 Src/stm32f4xx_it.o
                0x08003b40                DebugMon_Handler
 .text.PendSV_Handler
                0x08003b42        0x2 Src/stm32f4xx_it.o
                0x08003b42                PendSV_Handler
 .text.SysTick_Handler
                0x08003b44        0x8 Src/stm32f4xx_it.o
                0x08003b44                SysTick_Handler
 .text.SystemInit
                0x08003b4c       0x4c Src/system_stm32f4xx.o
                0x08003b4c                SystemInit
 .text.Reset_Handler
                0x08003b98       0x50 startup/startup_stm32f429xx.o
                0x08003b98                Reset_Handler
 .text.Default_Handler
                0x08003be8        0x2 startup/startup_stm32f429xx.o
                0x08003be8                RTC_Alarm_IRQHandler
                0x08003be8                HASH_RNG_IRQHandler
                0x08003be8                EXTI2_IRQHandler
                0x08003be8                TIM8_CC_IRQHandler
                0x08003be8                UART8_IRQHandler
                0x08003be8                SPI4_IRQHandler
                0x08003be8                TIM1_CC_IRQHandler
                0x08003be8                DMA2_Stream5_IRQHandler
                0x08003be8                DMA1_Stream5_IRQHandler
                0x08003be8                PVD_IRQHandler
                0x08003be8                SDIO_IRQHandler
                0x08003be8                TAMP_STAMP_IRQHandler
                0x08003be8                CAN2_RX1_IRQHandler
                0x08003be8                EXTI3_IRQHandler
                0x08003be8                TIM8_TRG_COM_TIM14_IRQHandler
                0x08003be8                TIM1_UP_TIM10_IRQHandler
                0x08003be8                TIM8_UP_TIM13_IRQHandler
                0x08003be8                I2C3_ER_IRQHandler
                0x08003be8                EXTI0_IRQHandler
                0x08003be8                I2C2_EV_IRQHandler
                0x08003be8                DMA1_Stream2_IRQHandler
                0x08003be8                CAN1_RX0_IRQHandler
                0x08003be8                FPU_IRQHandler
                0x08003be8                OTG_HS_WKUP_IRQHandler
                0x08003be8                LTDC_ER_IRQHandler
                0x08003be8                CAN2_SCE_IRQHandler
                0x08003be8                DMA2_Stream2_IRQHandler
                0x08003be8                SPI1_IRQHandler
                0x08003be8                TIM6_DAC_IRQHandler
                0x08003be8                TIM1_BRK_TIM9_IRQHandler
                0x08003be8                DCMI_IRQHandler
                0x08003be8                CAN2_RX0_IRQHandler
                0x08003be8                DMA2_Stream3_IRQHandler
                0x08003be8                USART6_IRQHandler
                0x08003be8                USART3_IRQHandler
                0x08003be8                CAN1_RX1_IRQHandler
                0x08003be8                UART5_IRQHandler
                0x08003be8                DMA2_Stream0_IRQHandler
                0x08003be8                TIM4_IRQHandler
                0x08003be8                I2C1_EV_IRQHandler
                0x08003be8                DMA1_Stream6_IRQHandler
                0x08003be8                DMA1_Stream1_IRQHandler
                0x08003be8                UART4_IRQHandler
                0x08003be8                TIM3_IRQHandler
                0x08003be8                RCC_IRQHandler
                0x08003be8                TIM8_BRK_TIM12_IRQHandler
                0x08003be8                Default_Handler
                0x08003be8                EXTI15_10_IRQHandler
                0x08003be8                ADC_IRQHandler
                0x08003be8                DMA1_Stream7_IRQHandler
                0x08003be8                SPI5_IRQHandler
                0x08003be8                TIM7_IRQHandler
                0x08003be8                CAN2_TX_IRQHandler
                0x08003be8                TIM5_IRQHandler
                0x08003be8                DMA2_Stream7_IRQHandler
                0x08003be8                I2C3_EV_IRQHandler
                0x08003be8                EXTI9_5_IRQHandler
                0x08003be8                RTC_WKUP_IRQHandler
                0x08003be8                LTDC_IRQHandler
                0x08003be8                ETH_WKUP_IRQHandler
                0x08003be8                SPI2_IRQHandler
                0x08003be8                OTG_HS_EP1_IN_IRQHandler
                0x08003be8                DMA1_Stream0_IRQHandler
                0x08003be8                CAN1_TX_IRQHandler
                0x08003be8                EXTI4_IRQHandler
                0x08003be8                ETH_IRQHandler
                0x08003be8                OTG_HS_EP1_OUT_IRQHandler
                0x08003be8                WWDG_IRQHandler
                0x08003be8                SPI6_IRQHandler
                0x08003be8                TIM2_IRQHandler
                0x08003be8                OTG_FS_WKUP_IRQHandler
                0x08003be8                TIM1_TRG_COM_TIM11_IRQHandler
                0x08003be8                OTG_HS_IRQHandler
                0x08003be8                DMA2D_IRQHandler
                0x08003be8                EXTI1_IRQHandler
                0x08003be8                UART7_IRQHandler
                0x08003be8                USART2_IRQHandler
                0x08003be8                I2C2_ER_IRQHandler
                0x08003be8                DMA2_Stream1_IRQHandler
                0x08003be8                CAN1_SCE_IRQHandler
                0x08003be8                FLASH_IRQHandler
                0x08003be8                DMA2_Stream4_IRQHandler
                0x08003be8                USART1_IRQHandler
                0x08003be8                OTG_FS_IRQHandler
                0x08003be8                SPI3_IRQHandler
                0x08003be8                DMA1_Stream4_IRQHandler
                0x08003be8                I2C1_ER_IRQHandler
                0x08003be8                FMC_IRQHandler
                0x08003be8                DMA2_Stream6_IRQHandler
                0x08003be8                SAI1_IRQHandler
                0x08003be8                DMA1_Stream3_IRQHandler
 *fill*         0x08003bea        0x2 
 .text.__libc_init_array
                0x08003bec       0x48 c:/ac6/systemworkbench/plugins/fr.ac6.mcu.externaltools.arm-none.win32_1.17.0.201812190825/tools/compiler/bin/../lib/gcc/arm-none-eabi/7.3.1/../../../../arm-none-eabi/lib/thumb/v7e-m/fpv4-sp/hard\libc_nano.a(lib_a-init.o)
                0x08003bec                __libc_init_array
 .text.memset   0x08003c34       0x10 c:/ac6/systemworkbench/plugins/fr.ac6.mcu.externaltools.arm-none.win32_1.17.0.201812190825/tools/compiler/bin/../lib/gcc/arm-none-eabi/7.3.1/../../../../arm-none-eabi/lib/thumb/v7e-m/fpv4-sp/hard\libc_nano.a(lib_a-memset.o)
                0x08003c34                memset
 *(.glue_7)
 .glue_7        0x08003c44        0x0 linker stubs
 *(.glue_7t)
 .glue_7t       0x08003c44        0x0 linker stubs
 *(.eh_frame)
 .eh_frame      0x08003c44        0x0 c:/ac6/systemworkbench/plugins/fr.ac6.mcu.externaltools.arm-none.win32_1.17.0.201812190825/tools/compiler/bin/../lib/gcc/arm-none-eabi/7.3.1/thumb/v7e-m/fpv4-sp/hard/crtbegin.o
 *(.init)
 .init          0x08003c44        0x4 c:/ac6/systemworkbench/plugins/fr.ac6.mcu.externaltools.arm-none.win32_1.17.0.201812190825/tools/compiler/bin/../lib/gcc/arm-none-eabi/7.3.1/thumb/v7e-m/fpv4-sp/hard/crti.o
                0x08003c44                _init
 .init          0x08003c48        0x8 c:/ac6/systemworkbench/plugins/fr.ac6.mcu.externaltools.arm-none.win32_1.17.0.201812190825/tools/compiler/bin/../lib/gcc/arm-none-eabi/7.3.1/thumb/v7e-m/fpv4-sp/hard/crtn.o
 *(.fini)
 .fini          0x08003c50        0x4 c:/ac6/systemworkbench/plugins/fr.ac6.mcu.externaltools.arm-none.win32_1.17.0.201812190825/tools/compiler/bin/../lib/gcc/arm-none-eabi/7.3.1/thumb/v7e-m/fpv4-sp/hard/crti.o
                0x08003c50                _fini
 .fini          0x08003c54        0x8 c:/ac6/systemworkbench/plugins/fr.ac6.mcu.externaltools.arm-none.win32_1.17.0.201812190825/tools/compiler/bin/../lib/gcc/arm-none-eabi/7.3.1/thumb/v7e-m/fpv4-sp/hard/crtn.o
                0x08003c5c                . = ALIGN (0x4)
                0x08003c5c                _etext = .

.vfp11_veneer   0x08003c5c        0x0
 .vfp11_veneer  0x08003c5c        0x0 linker stubs

.v4_bx          0x08003c5c        0x0
 .v4_bx         0x08003c5c        0x0 linker stubs

.iplt           0x08003c5c        0x0
 .iplt          0x08003c5c        0x0 c:/ac6/systemworkbench/plugins/fr.ac6.mcu.externaltools.arm-none.win32_1.17.0.201812190825/tools/compiler/bin/../lib/gcc/arm-none-eabi/7.3.1/thumb/v7e-m/fpv4-sp/hard/crtbegin.o

.rodata         0x08003c5c     0x3d08
                0x08003c5c                . = ALIGN (0x4)
 *(.rodata)
 .rodata        0x08003c5c     0x3cdc Drivers/BSP/STM32F429I-Discovery/stm32f429i_discovery_lcd.o
                0x08003c5c                Font8_Table
                0x08003f54                Font12_Table
                0x080043c8                Font16_Table
                0x08004fa8                Font20_Table
                0x08005e80                Font24_Table
 .rodata        0x08007938        0x8 Drivers/STM32F4xx_HAL_Driver/Src/stm32f4xx_hal_dma.o
 .rodata        0x08007940       0x18 Src/system_stm32f4xx.o
                0x08007940                AHBPrescTable
                0x08007950                APBPrescTable
 *(.rodata*)
 .rodata.str1.4
                0x08007958        0xc Src/main.o
                0x08007964                . = ALIGN (0x4)

.ARM.extab
 *(.ARM.extab* .gnu.linkonce.armextab.*)

.ARM            0x08007964        0x8
                0x08007964                __exidx_start = .
 *(.ARM.exidx*)
 .ARM.exidx     0x08007964        0x8 c:/ac6/systemworkbench/plugins/fr.ac6.mcu.externaltools.arm-none.win32_1.17.0.201812190825/tools/compiler/bin/../lib/gcc/arm-none-eabi/7.3.1/thumb/v7e-m/fpv4-sp/hard\libgcc.a(_udivmoddi4.o)
                0x0800796c                __exidx_end = .

.rel.dyn        0x0800796c        0x0
 .rel.iplt      0x0800796c        0x0 c:/ac6/systemworkbench/plugins/fr.ac6.mcu.externaltools.arm-none.win32_1.17.0.201812190825/tools/compiler/bin/../lib/gcc/arm-none-eabi/7.3.1/thumb/v7e-m/fpv4-sp/hard/crtbegin.o

.preinit_array  0x0800796c        0x0
                0x0800796c                PROVIDE (__preinit_array_start = .)
 *(.preinit_array*)
                0x0800796c                PROVIDE (__preinit_array_end = .)

.init_array     0x0800796c        0x4
                0x0800796c                PROVIDE (__init_array_start = .)
 *(SORT_BY_NAME(.init_array.*))
 *(.init_array*)
 .init_array    0x0800796c        0x4 c:/ac6/systemworkbench/plugins/fr.ac6.mcu.externaltools.arm-none.win32_1.17.0.201812190825/tools/compiler/bin/../lib/gcc/arm-none-eabi/7.3.1/thumb/v7e-m/fpv4-sp/hard/crtbegin.o
                0x08007970                PROVIDE (__init_array_end = .)

.fini_array     0x08007970        0x4
                [!provide]                PROVIDE (__fini_array_start = .)
 *(SORT_BY_NAME(.fini_array.*))
 *(.fini_array*)
 .fini_array    0x08007970        0x4 c:/ac6/systemworkbench/plugins/fr.ac6.mcu.externaltools.arm-none.win32_1.17.0.201812190825/tools/compiler/bin/../lib/gcc/arm-none-eabi/7.3.1/thumb/v7e-m/fpv4-sp/hard/crtbegin.o
                [!provide]                PROVIDE (__fini_array_end = .)
                0x08007974                _sidata = LOADADDR (.data)

.data           0x20000000       0x80 load address 0x08007974
                0x20000000                . = ALIGN (0x4)
                0x20000000                _sdata = .
 *(.data)
 .data          0x20000000       0x38 Drivers/BSP/Components/ili9341/ili9341.o
                0x20000000                ili9341_drv
 .data          0x20000038       0x14 Drivers/BSP/STM32F429I-Discovery/stm32f429i_discovery.o
                0x20000038                SpixTimeout
                0x2000003c                I2cxTimeout
                0x20000040                GPIO_PORT
                0x20000048                BUTTON_PORT
 .data          0x2000004c       0x28 Drivers/BSP/STM32F429I-Discovery/stm32f429i_discovery_lcd.o
                0x2000004c                Font24
                0x20000054                Font8
                0x2000005c                Font12
                0x20000064                Font16
                0x2000006c                Font20
 .data          0x20000074        0x8 Drivers/STM32F4xx_HAL_Driver/Src/stm32f4xx_hal.o
                0x20000074                uwTickFreq
                0x20000078                uwTickPrio
 .data          0x2000007c        0x4 Src/system_stm32f4xx.o
                0x2000007c                SystemCoreClock
 *(.data*)
                0x20000080                . = ALIGN (0x4)
                0x20000080                _edata = .
                0x080079f4                _siccmram = LOADADDR (.ccmram)

.igot.plt       0x20000080        0x0 load address 0x080079f4
 .igot.plt      0x20000080        0x0 c:/ac6/systemworkbench/plugins/fr.ac6.mcu.externaltools.arm-none.win32_1.17.0.201812190825/tools/compiler/bin/../lib/gcc/arm-none-eabi/7.3.1/thumb/v7e-m/fpv4-sp/hard/crtbegin.o

.ccmram         0x10000000        0x0 load address 0x080079f4
                0x10000000                . = ALIGN (0x4)
                0x10000000                _sccmram = .
 *(.ccmram)
 *(.ccmram*)
                0x10000000                . = ALIGN (0x4)
                0x10000000                _eccmram = .
                0x10000000                . = ALIGN (0x4)

.bss            0x20000080      0x444
                0x20000080                _sbss = .
                0x20000080                __bss_start__ = _sbss
 *(.bss)
 .bss           0x20000080       0x1c c:/ac6/systemworkbench/plugins/fr.ac6.mcu.externaltools.arm-none.win32_1.17.0.201812190825/tools/compiler/bin/../lib/gcc/arm-none-eabi/7.3.1/thumb/v7e-m/fpv4-sp/hard/crtbegin.o
 .bss           0x2000009c       0x59 Drivers/BSP/STM32F429I-Discovery/stm32f429i_discovery.o
 *fill*         0x200000f5        0x3 
 .bss           0x200000f8      0x134 Drivers/BSP/STM32F429I-Discovery/stm32f429i_discovery_lcd.o
 .bss           0x2000022c       0xc0 Drivers/BSP/STM32F429I-Discovery/stm32f429i_discovery_sdram.o
 .bss           0x200002ec        0x8 Src/stm32f4xx_hal_msp.o
 *(.bss*)
 *(COMMON)
 COMMON         0x200002f4        0x4 Drivers/BSP/STM32F429I-Discovery/stm32f429i_discovery_lcd.o
                0x200002f4                LcdDrv
 COMMON         0x200002f8        0x4 Drivers/STM32F4xx_HAL_Driver/Src/stm32f4xx_hal.o
                0x200002f8                uwTick
 COMMON         0x200002fc      0x1c8 Src/main.o
                0x200002fc                hi2c3
                0x20000350                hspi5
                0x200003a8                hltdc
                0x20000450                hdma2d
                0x20000490                hsdram1
                0x200004c4                . = ALIGN (0x4)
                0x200004c4                _ebss = .
                0x200004c4                __bss_end__ = _ebss

._user_heap_stack
                0x200004c4      0x604
                0x200004c8                . = ALIGN (0x8)
 *fill*         0x200004c4        0x4 
                [!provide]                PROVIDE (end = .)
                [!provide]                PROVIDE (_end = .)
                0x200006c8                . = (. + _Min_Heap_Size)
 *fill*         0x200004c8      0x200 
                0x20000ac8                . = (. + _Min_Stack_Size)
 *fill*         0x200006c8      0x400 
                0x20000ac8                . = ALIGN (0x8)

/DISCARD/
 libc.a(*)
 libm.a(*)
 libgcc.a(*)

.ARM.attributes
                0x00000000       0x30
 *(.ARM.attributes)
 .ARM.attributes
                0x00000000       0x22 c:/ac6/systemworkbench/plugins/fr.ac6.mcu.externaltools.arm-none.win32_1.17.0.201812190825/tools/compiler/bin/../lib/gcc/arm-none-eabi/7.3.1/thumb/v7e-m/fpv4-sp/hard/crti.o
 .ARM.attributes
                0x00000022       0x34 c:/ac6/systemworkbench/plugins/fr.ac6.mcu.externaltools.arm-none.win32_1.17.0.201812190825/tools/compiler/bin/../lib/gcc/arm-none-eabi/7.3.1/thumb/v7e-m/fpv4-sp/hard/crtbegin.o
 .ARM.attributes
                0x00000056       0x39 Drivers/BSP/Components/ili9341/ili9341.o
 .ARM.attributes
                0x0000008f       0x39 Drivers/BSP/STM32F429I-Discovery/stm32f429i_discovery.o
 .ARM.attributes
                0x000000c8       0x39 Drivers/BSP/STM32F429I-Discovery/stm32f429i_discovery_lcd.o
 .ARM.attributes
                0x00000101       0x39 Drivers/BSP/STM32F429I-Discovery/stm32f429i_discovery_sdram.o
 .ARM.attributes
                0x0000013a       0x39 Drivers/STM32F4xx_HAL_Driver/Src/stm32f4xx_hal.o
 .ARM.attributes
                0x00000173       0x39 Drivers/STM32F4xx_HAL_Driver/Src/stm32f4xx_hal_cortex.o
 .ARM.attributes
                0x000001ac       0x39 Drivers/STM32F4xx_HAL_Driver/Src/stm32f4xx_hal_dma.o
 .ARM.attributes
                0x000001e5       0x39 Drivers/STM32F4xx_HAL_Driver/Src/stm32f4xx_hal_dma2d.o
 .ARM.attributes
                0x0000021e       0x39 Drivers/STM32F4xx_HAL_Driver/Src/stm32f4xx_hal_gpio.o
 .ARM.attributes
                0x00000257       0x39 Drivers/STM32F4xx_HAL_Driver/Src/stm32f4xx_hal_i2c.o
 .ARM.attributes
                0x00000290       0x39 Drivers/STM32F4xx_HAL_Driver/Src/stm32f4xx_hal_i2c_ex.o
 .ARM.attributes
                0x000002c9       0x39 Drivers/STM32F4xx_HAL_Driver/Src/stm32f4xx_hal_ltdc.o
 .ARM.attributes
                0x00000302       0x39 Drivers/STM32F4xx_HAL_Driver/Src/stm32f4xx_hal_pwr_ex.o
 .ARM.attributes
                0x0000033b       0x39 Drivers/STM32F4xx_HAL_Driver/Src/stm32f4xx_hal_rcc.o
 .ARM.attributes
                0x00000374       0x39 Drivers/STM32F4xx_HAL_Driver/Src/stm32f4xx_hal_rcc_ex.o
 .ARM.attributes
                0x000003ad       0x39 Drivers/STM32F4xx_HAL_Driver/Src/stm32f4xx_hal_sdram.o
 .ARM.attributes
                0x000003e6       0x39 Drivers/STM32F4xx_HAL_Driver/Src/stm32f4xx_hal_spi.o
 .ARM.attributes
                0x0000041f       0x39 Drivers/STM32F4xx_HAL_Driver/Src/stm32f4xx_ll_fmc.o
 .ARM.attributes
                0x00000458       0x39 Src/main.o
 .ARM.attributes
                0x00000491       0x39 Src/stm32f4xx_hal_msp.o
 .ARM.attributes
                0x000004ca       0x39 Src/stm32f4xx_it.o
 .ARM.attributes
                0x00000503       0x39 Src/system_stm32f4xx.o
 .ARM.attributes
                0x0000053c       0x21 startup/startup_stm32f429xx.o
 .ARM.attributes
                0x0000055d       0x22 c:/ac6/systemworkbench/plugins/fr.ac6.mcu.externaltools.arm-none.win32_1.17.0.201812190825/tools/compiler/bin/../lib/gcc/arm-none-eabi/7.3.1/thumb/v7e-m/fpv4-sp/hard\libgcc.a(_aeabi_uldivmod.o)
 .ARM.attributes
                0x0000057f       0x34 c:/ac6/systemworkbench/plugins/fr.ac6.mcu.externaltools.arm-none.win32_1.17.0.201812190825/tools/compiler/bin/../lib/gcc/arm-none-eabi/7.3.1/thumb/v7e-m/fpv4-sp/hard\libgcc.a(_udivmoddi4.o)
 .ARM.attributes
                0x000005b3       0x22 c:/ac6/systemworkbench/plugins/fr.ac6.mcu.externaltools.arm-none.win32_1.17.0.201812190825/tools/compiler/bin/../lib/gcc/arm-none-eabi/7.3.1/thumb/v7e-m/fpv4-sp/hard\libgcc.a(_dvmd_tls.o)
 .ARM.attributes
                0x000005d5       0x34 c:/ac6/systemworkbench/plugins/fr.ac6.mcu.externaltools.arm-none.win32_1.17.0.201812190825/tools/compiler/bin/../lib/gcc/arm-none-eabi/7.3.1/../../../../arm-none-eabi/lib/thumb/v7e-m/fpv4-sp/hard\libc_nano.a(lib_a-init.o)
 .ARM.attributes
                0x00000609       0x34 c:/ac6/systemworkbench/plugins/fr.ac6.mcu.externaltools.arm-none.win32_1.17.0.201812190825/tools/compiler/bin/../lib/gcc/arm-none-eabi/7.3.1/../../../../arm-none-eabi/lib/thumb/v7e-m/fpv4-sp/hard\libc_nano.a(lib_a-memset.o)
 .ARM.attributes
                0x0000063d       0x22 c:/ac6/systemworkbench/plugins/fr.ac6.mcu.externaltools.arm-none.win32_1.17.0.201812190825/tools/compiler/bin/../lib/gcc/arm-none-eabi/7.3.1/thumb/v7e-m/fpv4-sp/hard/crtn.o
OUTPUT(stm32f429_test.elf elf32-littlearm)

.debug_info     0x00000000    0x22938
 .debug_info    0x00000000      0xc30 Drivers/BSP/Components/ili9341/ili9341.o
 .debug_info    0x00000c30     0x28b1 Drivers/BSP/STM32F429I-Discovery/stm32f429i_discovery.o
 .debug_info    0x000034e1     0x32dd Drivers/BSP/STM32F429I-Discovery/stm32f429i_discovery_lcd.o
 .debug_info    0x000067be     0x19a4 Drivers/BSP/STM32F429I-Discovery/stm32f429i_discovery_sdram.o
 .debug_info    0x00008162     0x124d Drivers/STM32F4xx_HAL_Driver/Src/stm32f4xx_hal.o
 .debug_info    0x000093af     0x178b Drivers/STM32F4xx_HAL_Driver/Src/stm32f4xx_hal_cortex.o
 .debug_info    0x0000ab3a     0x127b Drivers/STM32F4xx_HAL_Driver/Src/stm32f4xx_hal_dma.o
 .debug_info    0x0000bdb5     0x1897 Drivers/STM32F4xx_HAL_Driver/Src/stm32f4xx_hal_dma2d.o
 .debug_info    0x0000d64c      0xfad Drivers/STM32F4xx_HAL_Driver/Src/stm32f4xx_hal_gpio.o
 .debug_info    0x0000e5f9     0x36e7 Drivers/STM32F4xx_HAL_Driver/Src/stm32f4xx_hal_i2c.o
 .debug_info    0x00011ce0      0xeec Drivers/STM32F4xx_HAL_Driver/Src/stm32f4xx_hal_i2c_ex.o
 .debug_info    0x00012bcc     0x1b53 Drivers/STM32F4xx_HAL_Driver/Src/stm32f4xx_hal_ltdc.o
 .debug_info    0x0001471f     0x1011 Drivers/STM32F4xx_HAL_Driver/Src/stm32f4xx_hal_pwr_ex.o
 .debug_info    0x00015730     0x1275 Drivers/STM32F4xx_HAL_Driver/Src/stm32f4xx_hal_rcc.o
 .debug_info    0x000169a5     0x1006 Drivers/STM32F4xx_HAL_Driver/Src/stm32f4xx_hal_rcc_ex.o
 .debug_info    0x000179ab     0x1604 Drivers/STM32F4xx_HAL_Driver/Src/stm32f4xx_hal_sdram.o
 .debug_info    0x00018faf     0x2207 Drivers/STM32F4xx_HAL_Driver/Src/stm32f4xx_hal_spi.o
 .debug_info    0x0001b1b6     0x173f Drivers/STM32F4xx_HAL_Driver/Src/stm32f4xx_ll_fmc.o
 .debug_info    0x0001c8f5     0x266d Src/main.o
 .debug_info    0x0001ef62     0x2283 Src/stm32f4xx_hal_msp.o
 .debug_info    0x000211e5      0x9ee Src/stm32f4xx_it.o
 .debug_info    0x00021bd3      0xd43 Src/system_stm32f4xx.o
 .debug_info    0x00022916       0x22 startup/startup_stm32f429xx.o

.debug_abbrev   0x00000000     0x3d05
 .debug_abbrev  0x00000000      0x17d Drivers/BSP/Components/ili9341/ili9341.o
 .debug_abbrev  0x0000017d      0x32e Drivers/BSP/STM32F429I-Discovery/stm32f429i_discovery.o
 .debug_abbrev  0x000004ab      0x398 Drivers/BSP/STM32F429I-Discovery/stm32f429i_discovery_lcd.o
 .debug_abbrev  0x00000843      0x2cb Drivers/BSP/STM32F429I-Discovery/stm32f429i_discovery_sdram.o
 .debug_abbrev  0x00000b0e      0x2e5 Drivers/STM32F4xx_HAL_Driver/Src/stm32f4xx_hal.o
 .debug_abbrev  0x00000df3      0x3d6 Drivers/STM32F4xx_HAL_Driver/Src/stm32f4xx_hal_cortex.o
 .debug_abbrev  0x000011c9      0x32a Drivers/STM32F4xx_HAL_Driver/Src/stm32f4xx_hal_dma.o
 .debug_abbrev  0x000014f3      0x2e7 Drivers/STM32F4xx_HAL_Driver/Src/stm32f4xx_hal_dma2d.o
 .debug_abbrev  0x000017da      0x2a7 Drivers/STM32F4xx_HAL_Driver/Src/stm32f4xx_hal_gpio.o
 .debug_abbrev  0x00001a81      0x2fb Drivers/STM32F4xx_HAL_Driver/Src/stm32f4xx_hal_i2c.o
 .debug_abbrev  0x00001d7c      0x216 Drivers/STM32F4xx_HAL_Driver/Src/stm32f4xx_hal_i2c_ex.o
 .debug_abbrev  0x00001f92      0x2fa Drivers/STM32F4xx_HAL_Driver/Src/stm32f4xx_hal_ltdc.o
 .debug_abbrev  0x0000228c      0x2c5 Drivers/STM32F4xx_HAL_Driver/Src/stm32f4xx_hal_pwr_ex.o
 .debug_abbrev  0x00002551      0x333 Drivers/STM32F4xx_HAL_Driver/Src/stm32f4xx_hal_rcc.o
 .debug_abbrev  0x00002884      0x27b Drivers/STM32F4xx_HAL_Driver/Src/stm32f4xx_hal_rcc_ex.o
 .debug_abbrev  0x00002aff      0x2d7 Drivers/STM32F4xx_HAL_Driver/Src/stm32f4xx_hal_sdram.o
 .debug_abbrev  0x00002dd6      0x2f2 Drivers/STM32F4xx_HAL_Driver/Src/stm32f4xx_hal_spi.o
 .debug_abbrev  0x000030c8      0x288 Drivers/STM32F4xx_HAL_Driver/Src/stm32f4xx_ll_fmc.o
 .debug_abbrev  0x00003350      0x2fd Src/main.o
 .debug_abbrev  0x0000364d      0x2ba Src/stm32f4xx_hal_msp.o
 .debug_abbrev  0x00003907      0x1e7 Src/stm32f4xx_it.o
 .debug_abbrev  0x00003aee      0x205 Src/system_stm32f4xx.o
 .debug_abbrev  0x00003cf3       0x12 startup/startup_stm32f429xx.o

.debug_loc      0x00000000     0xd562
 .debug_loc     0x00000000       0x84 Drivers/BSP/Components/ili9341/ili9341.o
 .debug_loc     0x00000084      0x86e Drivers/BSP/STM32F429I-Discovery/stm32f429i_discovery.o
 .debug_loc     0x000008f2     0x1ef5 Drivers/BSP/STM32F429I-Discovery/stm32f429i_discovery_lcd.o
 .debug_loc     0x000027e7      0x268 Drivers/BSP/STM32F429I-Discovery/stm32f429i_discovery_sdram.o
 .debug_loc     0x00002a4f       0xfd Drivers/STM32F4xx_HAL_Driver/Src/stm32f4xx_hal.o
 .debug_loc     0x00002b4c      0x5ce Drivers/STM32F4xx_HAL_Driver/Src/stm32f4xx_hal_cortex.o
 .debug_loc     0x0000311a      0xb4e Drivers/STM32F4xx_HAL_Driver/Src/stm32f4xx_hal_dma.o
 .debug_loc     0x00003c68      0xfaa Drivers/STM32F4xx_HAL_Driver/Src/stm32f4xx_hal_dma2d.o
 .debug_loc     0x00004c12      0x469 Drivers/STM32F4xx_HAL_Driver/Src/stm32f4xx_hal_gpio.o
 .debug_loc     0x0000507b     0x3145 Drivers/STM32F4xx_HAL_Driver/Src/stm32f4xx_hal_i2c.o
 .debug_loc     0x000081c0      0x102 Drivers/STM32F4xx_HAL_Driver/Src/stm32f4xx_hal_i2c_ex.o
 .debug_loc     0x000082c2     0x173f Drivers/STM32F4xx_HAL_Driver/Src/stm32f4xx_hal_ltdc.o
 .debug_loc     0x00009a01      0x13f Drivers/STM32F4xx_HAL_Driver/Src/stm32f4xx_hal_pwr_ex.o
 .debug_loc     0x00009b40      0x3f1 Drivers/STM32F4xx_HAL_Driver/Src/stm32f4xx_hal_rcc.o
 .debug_loc     0x00009f31      0x34c Drivers/STM32F4xx_HAL_Driver/Src/stm32f4xx_hal_rcc_ex.o
 .debug_loc     0x0000a27d      0xbf7 Drivers/STM32F4xx_HAL_Driver/Src/stm32f4xx_hal_sdram.o
 .debug_loc     0x0000ae74     0x1937 Drivers/STM32F4xx_HAL_Driver/Src/stm32f4xx_hal_spi.o
 .debug_loc     0x0000c7ab      0xadb Drivers/STM32F4xx_HAL_Driver/Src/stm32f4xx_ll_fmc.o
 .debug_loc     0x0000d286      0x19e Src/stm32f4xx_hal_msp.o
 .debug_loc     0x0000d424      0x13e Src/system_stm32f4xx.o

.debug_aranges  0x00000000     0x1130
 .debug_aranges
                0x00000000       0x60 Drivers/BSP/Components/ili9341/ili9341.o
 .debug_aranges
                0x00000060      0x138 Drivers/BSP/STM32F429I-Discovery/stm32f429i_discovery.o
 .debug_aranges
                0x00000198      0x170 Drivers/BSP/STM32F429I-Discovery/stm32f429i_discovery_lcd.o
 .debug_aranges
                0x00000308       0x60 Drivers/BSP/STM32F429I-Discovery/stm32f429i_discovery_sdram.o
 .debug_aranges
                0x00000368       0xf0 Drivers/STM32F4xx_HAL_Driver/Src/stm32f4xx_hal.o
 .debug_aranges
                0x00000458       0xa8 Drivers/STM32F4xx_HAL_Driver/Src/stm32f4xx_hal_cortex.o
 .debug_aranges
                0x00000500       0x90 Drivers/STM32F4xx_HAL_Driver/Src/stm32f4xx_hal_dma.o
 .debug_aranges
                0x00000590      0x108 Drivers/STM32F4xx_HAL_Driver/Src/stm32f4xx_hal_dma2d.o
 .debug_aranges
                0x00000698       0x58 Drivers/STM32F4xx_HAL_Driver/Src/stm32f4xx_hal_gpio.o
 .debug_aranges
                0x000006f0      0x268 Drivers/STM32F4xx_HAL_Driver/Src/stm32f4xx_hal_i2c.o
 .debug_aranges
                0x00000958       0x28 Drivers/STM32F4xx_HAL_Driver/Src/stm32f4xx_hal_i2c_ex.o
 .debug_aranges
                0x00000980      0x158 Drivers/STM32F4xx_HAL_Driver/Src/stm32f4xx_hal_ltdc.o
 .debug_aranges
                0x00000ad8       0x60 Drivers/STM32F4xx_HAL_Driver/Src/stm32f4xx_hal_pwr_ex.o
 .debug_aranges
                0x00000b38       0x88 Drivers/STM32F4xx_HAL_Driver/Src/stm32f4xx_hal_rcc.o
 .debug_aranges
                0x00000bc0       0x58 Drivers/STM32F4xx_HAL_Driver/Src/stm32f4xx_hal_rcc_ex.o
 .debug_aranges
                0x00000c18       0xd0 Drivers/STM32F4xx_HAL_Driver/Src/stm32f4xx_hal_sdram.o
 .debug_aranges
                0x00000ce8      0x1c8 Drivers/STM32F4xx_HAL_Driver/Src/stm32f4xx_hal_spi.o
 .debug_aranges
                0x00000eb0       0xf0 Drivers/STM32F4xx_HAL_Driver/Src/stm32f4xx_ll_fmc.o
 .debug_aranges
                0x00000fa0       0x60 Src/main.o
 .debug_aranges
                0x00001000       0x80 Src/stm32f4xx_hal_msp.o
 .debug_aranges
                0x00001080       0x60 Src/stm32f4xx_it.o
 .debug_aranges
                0x000010e0       0x28 Src/system_stm32f4xx.o
 .debug_aranges
                0x00001108       0x28 startup/startup_stm32f429xx.o

.debug_ranges   0x00000000     0x1040
 .debug_ranges  0x00000000       0x50 Drivers/BSP/Components/ili9341/ili9341.o
 .debug_ranges  0x00000050      0x128 Drivers/BSP/STM32F429I-Discovery/stm32f429i_discovery.o
 .debug_ranges  0x00000178      0x160 Drivers/BSP/STM32F429I-Discovery/stm32f429i_discovery_lcd.o
 .debug_ranges  0x000002d8       0x50 Drivers/BSP/STM32F429I-Discovery/stm32f429i_discovery_sdram.o
 .debug_ranges  0x00000328       0xe0 Drivers/STM32F4xx_HAL_Driver/Src/stm32f4xx_hal.o
 .debug_ranges  0x00000408       0xf8 Drivers/STM32F4xx_HAL_Driver/Src/stm32f4xx_hal_cortex.o
 .debug_ranges  0x00000500       0x80 Drivers/STM32F4xx_HAL_Driver/Src/stm32f4xx_hal_dma.o
 .debug_ranges  0x00000580       0xf8 Drivers/STM32F4xx_HAL_Driver/Src/stm32f4xx_hal_dma2d.o
 .debug_ranges  0x00000678       0x48 Drivers/STM32F4xx_HAL_Driver/Src/stm32f4xx_hal_gpio.o
 .debug_ranges  0x000006c0      0x258 Drivers/STM32F4xx_HAL_Driver/Src/stm32f4xx_hal_i2c.o
 .debug_ranges  0x00000918       0x18 Drivers/STM32F4xx_HAL_Driver/Src/stm32f4xx_hal_i2c_ex.o
 .debug_ranges  0x00000930      0x148 Drivers/STM32F4xx_HAL_Driver/Src/stm32f4xx_hal_ltdc.o
 .debug_ranges  0x00000a78       0x50 Drivers/STM32F4xx_HAL_Driver/Src/stm32f4xx_hal_pwr_ex.o
 .debug_ranges  0x00000ac8       0x90 Drivers/STM32F4xx_HAL_Driver/Src/stm32f4xx_hal_rcc.o
 .debug_ranges  0x00000b58       0x48 Drivers/STM32F4xx_HAL_Driver/Src/stm32f4xx_hal_rcc_ex.o
 .debug_ranges  0x00000ba0       0xc0 Drivers/STM32F4xx_HAL_Driver/Src/stm32f4xx_hal_sdram.o
 .debug_ranges  0x00000c60      0x1b8 Drivers/STM32F4xx_HAL_Driver/Src/stm32f4xx_hal_spi.o
 .debug_ranges  0x00000e18       0xe0 Drivers/STM32F4xx_HAL_Driver/Src/stm32f4xx_ll_fmc.o
 .debug_ranges  0x00000ef8       0x50 Src/main.o
 .debug_ranges  0x00000f48       0x70 Src/stm32f4xx_hal_msp.o
 .debug_ranges  0x00000fb8       0x50 Src/stm32f4xx_it.o
 .debug_ranges  0x00001008       0x18 Src/system_stm32f4xx.o
 .debug_ranges  0x00001020       0x20 startup/startup_stm32f429xx.o

.debug_macro    0x00000000    0x259e3
 .debug_macro   0x00000000       0x7c Drivers/BSP/Components/ili9341/ili9341.o
 .debug_macro   0x0000007c      0x26d Drivers/BSP/Components/ili9341/ili9341.o
 .debug_macro   0x000002e9      0x382 Drivers/BSP/STM32F429I-Discovery/stm32f429i_discovery.o
 .debug_macro   0x0000066b      0x198 Drivers/BSP/STM32F429I-Discovery/stm32f429i_discovery.o
 .debug_macro   0x00000803       0x32 Drivers/BSP/STM32F429I-Discovery/stm32f429i_discovery.o
 .debug_macro   0x00000835       0x28 Drivers/BSP/STM32F429I-Discovery/stm32f429i_discovery.o
 .debug_macro   0x0000085d       0x35 Drivers/BSP/STM32F429I-Discovery/stm32f429i_discovery.o
 .debug_macro   0x00000892       0x50 Drivers/BSP/STM32F429I-Discovery/stm32f429i_discovery.o
 .debug_macro   0x000008e2      0xe66 Drivers/BSP/STM32F429I-Discovery/stm32f429i_discovery.o
 .debug_macro   0x00001748    0x17e1c Drivers/BSP/STM32F429I-Discovery/stm32f429i_discovery.o
 .debug_macro   0x00019564       0x43 Drivers/BSP/STM32F429I-Discovery/stm32f429i_discovery.o
 .debug_macro   0x000195a7     0x35a5 Drivers/BSP/STM32F429I-Discovery/stm32f429i_discovery.o
 .debug_macro   0x0001cb4c       0x5e Drivers/BSP/STM32F429I-Discovery/stm32f429i_discovery.o
 .debug_macro   0x0001cbaa       0x18 Drivers/BSP/STM32F429I-Discovery/stm32f429i_discovery.o
 .debug_macro   0x0001cbc2       0x35 Drivers/BSP/STM32F429I-Discovery/stm32f429i_discovery.o
 .debug_macro   0x0001cbf7       0x34 Drivers/BSP/STM32F429I-Discovery/stm32f429i_discovery.o
 .debug_macro   0x0001cc2b       0x16 Drivers/BSP/STM32F429I-Discovery/stm32f429i_discovery.o
 .debug_macro   0x0001cc41       0x97 Drivers/BSP/STM32F429I-Discovery/stm32f429i_discovery.o
 .debug_macro   0x0001ccd8      0x330 Drivers/BSP/STM32F429I-Discovery/stm32f429i_discovery.o
 .debug_macro   0x0001d008       0xfd Drivers/BSP/STM32F429I-Discovery/stm32f429i_discovery.o
 .debug_macro   0x0001d105       0x10 Drivers/BSP/STM32F429I-Discovery/stm32f429i_discovery.o
 .debug_macro   0x0001d115       0x58 Drivers/BSP/STM32F429I-Discovery/stm32f429i_discovery.o
 .debug_macro   0x0001d16d       0x1f Drivers/BSP/STM32F429I-Discovery/stm32f429i_discovery.o
 .debug_macro   0x0001d18c       0x43 Drivers/BSP/STM32F429I-Discovery/stm32f429i_discovery.o
 .debug_macro   0x0001d1cf       0x20 Drivers/BSP/STM32F429I-Discovery/stm32f429i_discovery.o
 .debug_macro   0x0001d1ef      0x18e Drivers/BSP/STM32F429I-Discovery/stm32f429i_discovery.o
 .debug_macro   0x0001d37d       0x10 Drivers/BSP/STM32F429I-Discovery/stm32f429i_discovery.o
 .debug_macro   0x0001d38d       0x1c Drivers/BSP/STM32F429I-Discovery/stm32f429i_discovery.o
 .debug_macro   0x0001d3a9       0x52 Drivers/BSP/STM32F429I-Discovery/stm32f429i_discovery.o
 .debug_macro   0x0001d3fb       0x40 Drivers/BSP/STM32F429I-Discovery/stm32f429i_discovery.o
 .debug_macro   0x0001d43b       0x10 Drivers/BSP/STM32F429I-Discovery/stm32f429i_discovery.o
 .debug_macro   0x0001d44b       0x40 Drivers/BSP/STM32F429I-Discovery/stm32f429i_discovery.o
 .debug_macro   0x0001d48b       0xd7 Drivers/BSP/STM32F429I-Discovery/stm32f429i_discovery.o
 .debug_macro   0x0001d562       0x1c Drivers/BSP/STM32F429I-Discovery/stm32f429i_discovery.o
 .debug_macro   0x0001d57e       0x3d Drivers/BSP/STM32F429I-Discovery/stm32f429i_discovery.o
 .debug_macro   0x0001d5bb       0x16 Drivers/BSP/STM32F429I-Discovery/stm32f429i_discovery.o
 .debug_macro   0x0001d5d1      0x16f Drivers/BSP/STM32F429I-Discovery/stm32f429i_discovery.o
 .debug_macro   0x0001d740       0x50 Drivers/BSP/STM32F429I-Discovery/stm32f429i_discovery.o
 .debug_macro   0x0001d790      0xca5 Drivers/BSP/STM32F429I-Discovery/stm32f429i_discovery.o
 .debug_macro   0x0001e435      0xa02 Drivers/BSP/STM32F429I-Discovery/stm32f429i_discovery.o
 .debug_macro   0x0001ee37      0x11e Drivers/BSP/STM32F429I-Discovery/stm32f429i_discovery.o
 .debug_macro   0x0001ef55      0x15f Drivers/BSP/STM32F429I-Discovery/stm32f429i_discovery.o
 .debug_macro   0x0001f0b4       0x27 Drivers/BSP/STM32F429I-Discovery/stm32f429i_discovery.o
 .debug_macro   0x0001f0db      0x287 Drivers/BSP/STM32F429I-Discovery/stm32f429i_discovery.o
 .debug_macro   0x0001f362       0x5f Drivers/BSP/STM32F429I-Discovery/stm32f429i_discovery.o
 .debug_macro   0x0001f3c1      0x23a Drivers/BSP/STM32F429I-Discovery/stm32f429i_discovery.o
 .debug_macro   0x0001f5fb      0x201 Drivers/BSP/STM32F429I-Discovery/stm32f429i_discovery.o
 .debug_macro   0x0001f7fc      0x13a Drivers/BSP/STM32F429I-Discovery/stm32f429i_discovery.o
 .debug_macro   0x0001f936      0x41d Drivers/BSP/STM32F429I-Discovery/stm32f429i_discovery.o
 .debug_macro   0x0001fd53       0x2e Drivers/BSP/STM32F429I-Discovery/stm32f429i_discovery.o
 .debug_macro   0x0001fd81      0x582 Drivers/BSP/STM32F429I-Discovery/stm32f429i_discovery.o
 .debug_macro   0x00020303      0x1a7 Drivers/BSP/STM32F429I-Discovery/stm32f429i_discovery.o
 .debug_macro   0x000204aa       0x22 Drivers/BSP/STM32F429I-Discovery/stm32f429i_discovery.o
 .debug_macro   0x000204cc       0xa5 Drivers/BSP/STM32F429I-Discovery/stm32f429i_discovery.o
 .debug_macro   0x00020571      0x198 Drivers/BSP/STM32F429I-Discovery/stm32f429i_discovery.o
 .debug_macro   0x00020709       0xd6 Drivers/BSP/STM32F429I-Discovery/stm32f429i_discovery.o
 .debug_macro   0x000207df      0x11e Drivers/BSP/STM32F429I-Discovery/stm32f429i_discovery.o
 .debug_macro   0x000208fd       0xe2 Drivers/BSP/STM32F429I-Discovery/stm32f429i_discovery.o
 .debug_macro   0x000209df       0x89 Drivers/BSP/STM32F429I-Discovery/stm32f429i_discovery.o
 .debug_macro   0x00020a68      0x202 Drivers/BSP/STM32F429I-Discovery/stm32f429i_discovery.o
 .debug_macro   0x00020c6a      0x13b Drivers/BSP/STM32F429I-Discovery/stm32f429i_discovery.o
 .debug_macro   0x00020da5      0x25f Drivers/BSP/STM32F429I-Discovery/stm32f429i_discovery.o
 .debug_macro   0x00021004      0x3c8 Drivers/BSP/STM32F429I-Discovery/stm32f429i_discovery_lcd.o
 .debug_macro   0x000213cc       0x9f Drivers/BSP/STM32F429I-Discovery/stm32f429i_discovery_lcd.o
 .debug_macro   0x0002146b       0x10 Drivers/BSP/STM32F429I-Discovery/stm32f429i_discovery_lcd.o
 .debug_macro   0x0002147b      0x115 Drivers/BSP/STM32F429I-Discovery/stm32f429i_discovery_lcd.o
 .debug_macro   0x00021590      0x373 Drivers/BSP/STM32F429I-Discovery/stm32f429i_discovery_sdram.o
 .debug_macro   0x00021903       0x99 Drivers/BSP/STM32F429I-Discovery/stm32f429i_discovery_sdram.o
 .debug_macro   0x0002199c      0x3b5 Drivers/STM32F4xx_HAL_Driver/Src/stm32f4xx_hal.o
 .debug_macro   0x00021d51      0x355 Drivers/STM32F4xx_HAL_Driver/Src/stm32f4xx_hal_cortex.o
 .debug_macro   0x000220a6      0x35c Drivers/STM32F4xx_HAL_Driver/Src/stm32f4xx_hal_dma.o
 .debug_macro   0x00022402      0x3a9 Drivers/STM32F4xx_HAL_Driver/Src/stm32f4xx_hal_dma2d.o
 .debug_macro   0x000227ab      0x38d Drivers/STM32F4xx_HAL_Driver/Src/stm32f4xx_hal_gpio.o
 .debug_macro   0x00022b38      0x395 Drivers/STM32F4xx_HAL_Driver/Src/stm32f4xx_hal_i2c.o
 .debug_macro   0x00022ecd      0x355 Drivers/STM32F4xx_HAL_Driver/Src/stm32f4xx_hal_i2c_ex.o
 .debug_macro   0x00023222      0x355 Drivers/STM32F4xx_HAL_Driver/Src/stm32f4xx_hal_ltdc.o
 .debug_macro   0x00023577      0x36d Drivers/STM32F4xx_HAL_Driver/Src/stm32f4xx_hal_pwr_ex.o
 .debug_macro   0x000238e4      0x379 Drivers/STM32F4xx_HAL_Driver/Src/stm32f4xx_hal_rcc.o
 .debug_macro   0x00023c5d      0x355 Drivers/STM32F4xx_HAL_Driver/Src/stm32f4xx_hal_rcc_ex.o
 .debug_macro   0x00023fb2      0x355 Drivers/STM32F4xx_HAL_Driver/Src/stm32f4xx_hal_sdram.o
 .debug_macro   0x00024307      0x35d Drivers/STM32F4xx_HAL_Driver/Src/stm32f4xx_hal_spi.o
 .debug_macro   0x00024664      0x355 Drivers/STM32F4xx_HAL_Driver/Src/stm32f4xx_ll_fmc.o
 .debug_macro   0x000249b9      0x3a2 Src/main.o
 .debug_macro   0x00024d5b      0x265 Src/main.o
 .debug_macro   0x00024fc0      0x35f Src/stm32f4xx_hal_msp.o
 .debug_macro   0x0002531f      0x369 Src/stm32f4xx_it.o
 .debug_macro   0x00025688      0x35b Src/system_stm32f4xx.o

.debug_line     0x00000000     0xf423
 .debug_line    0x00000000      0x41e Drivers/BSP/Components/ili9341/ili9341.o
 .debug_line    0x0000041e      0xb2b Drivers/BSP/STM32F429I-Discovery/stm32f429i_discovery.o
 .debug_line    0x00000f49      0xe40 Drivers/BSP/STM32F429I-Discovery/stm32f429i_discovery_lcd.o
 .debug_line    0x00001d89      0x8e8 Drivers/BSP/STM32F429I-Discovery/stm32f429i_discovery_sdram.o
 .debug_line    0x00002671      0x9b0 Drivers/STM32F4xx_HAL_Driver/Src/stm32f4xx_hal.o
 .debug_line    0x00003021      0x9e7 Drivers/STM32F4xx_HAL_Driver/Src/stm32f4xx_hal_cortex.o
 .debug_line    0x00003a08      0xad2 Drivers/STM32F4xx_HAL_Driver/Src/stm32f4xx_hal_dma.o
 .debug_line    0x000044da      0xce5 Drivers/STM32F4xx_HAL_Driver/Src/stm32f4xx_hal_dma2d.o
 .debug_line    0x000051bf      0x945 Drivers/STM32F4xx_HAL_Driver/Src/stm32f4xx_hal_gpio.o
 .debug_line    0x00005b04     0x1930 Drivers/STM32F4xx_HAL_Driver/Src/stm32f4xx_hal_i2c.o
 .debug_line    0x00007434      0x7e5 Drivers/STM32F4xx_HAL_Driver/Src/stm32f4xx_hal_i2c_ex.o
 .debug_line    0x00007c19     0x1078 Drivers/STM32F4xx_HAL_Driver/Src/stm32f4xx_hal_ltdc.o
 .debug_line    0x00008c91      0x8a7 Drivers/STM32F4xx_HAL_Driver/Src/stm32f4xx_hal_pwr_ex.o
 .debug_line    0x00009538      0xa21 Drivers/STM32F4xx_HAL_Driver/Src/stm32f4xx_hal_rcc.o
 .debug_line    0x00009f59      0x92f Drivers/STM32F4xx_HAL_Driver/Src/stm32f4xx_hal_rcc_ex.o
 .debug_line    0x0000a888      0xabb Drivers/STM32F4xx_HAL_Driver/Src/stm32f4xx_hal_sdram.o
 .debug_line    0x0000b343     0x119f Drivers/STM32F4xx_HAL_Driver/Src/stm32f4xx_hal_spi.o
 .debug_line    0x0000c4e2      0xb30 Drivers/STM32F4xx_HAL_Driver/Src/stm32f4xx_ll_fmc.o
 .debug_line    0x0000d012      0xa46 Src/main.o
 .debug_line    0x0000da58      0x93d Src/stm32f4xx_hal_msp.o
 .debug_line    0x0000e395      0x83c Src/stm32f4xx_it.o
 .debug_line    0x0000ebd1      0x7d3 Src/system_stm32f4xx.o
 .debug_line    0x0000f3a4       0x7f startup/startup_stm32f429xx.o

.debug_str      0x00000000    0xd7267
 .debug_str     0x00000000     0x42f7 Drivers/BSP/Components/ili9341/ili9341.o
                               0x44de (size before relaxing)
 .debug_str     0x000042f7    0xcdeb1 Drivers/BSP/STM32F429I-Discovery/stm32f429i_discovery.o
                              0xd1dcc (size before relaxing)
 .debug_str     0x000d21a8     0x16f0 Drivers/BSP/STM32F429I-Discovery/stm32f429i_discovery_lcd.o
                              0xd2b6d (size before relaxing)
 .debug_str     0x000d3898      0x466 Drivers/BSP/STM32F429I-Discovery/stm32f429i_discovery_sdram.o
                              0xd1c59 (size before relaxing)
 .debug_str     0x000d3cfe      0x640 Drivers/STM32F4xx_HAL_Driver/Src/stm32f4xx_hal.o
                              0xd089a (size before relaxing)
 .debug_str     0x000d433e      0x38a Drivers/STM32F4xx_HAL_Driver/Src/stm32f4xx_hal_cortex.o
                              0xd058e (size before relaxing)
 .debug_str     0x000d46c8      0x2e9 Drivers/STM32F4xx_HAL_Driver/Src/stm32f4xx_hal_dma.o
                              0xd009f (size before relaxing)
 .debug_str     0x000d49b1      0x573 Drivers/STM32F4xx_HAL_Driver/Src/stm32f4xx_hal_dma2d.o
                              0xd0469 (size before relaxing)
 .debug_str     0x000d4f24      0x1c8 Drivers/STM32F4xx_HAL_Driver/Src/stm32f4xx_hal_gpio.o
                              0xcfed0 (size before relaxing)
 .debug_str     0x000d50ec      0xa03 Drivers/STM32F4xx_HAL_Driver/Src/stm32f4xx_hal_i2c.o
                              0xd0ac8 (size before relaxing)
 .debug_str     0x000d5aef       0x3b Drivers/STM32F4xx_HAL_Driver/Src/stm32f4xx_hal_i2c_ex.o
                              0xd0077 (size before relaxing)
 .debug_str     0x000d5b2a      0x357 Drivers/STM32F4xx_HAL_Driver/Src/stm32f4xx_hal_ltdc.o
                              0xd02d7 (size before relaxing)
 .debug_str     0x000d5e81      0x14d Drivers/STM32F4xx_HAL_Driver/Src/stm32f4xx_hal_pwr_ex.o
                              0xcfe8c (size before relaxing)
 .debug_str     0x000d5fce      0x348 Drivers/STM32F4xx_HAL_Driver/Src/stm32f4xx_hal_rcc.o
                              0xd009a (size before relaxing)
 .debug_str     0x000d6316      0x12b Drivers/STM32F4xx_HAL_Driver/Src/stm32f4xx_hal_rcc_ex.o
                              0xcfe88 (size before relaxing)
 .debug_str     0x000d6441      0x2b6 Drivers/STM32F4xx_HAL_Driver/Src/stm32f4xx_hal_sdram.o
                              0xd0366 (size before relaxing)
 .debug_str     0x000d66f7      0x495 Drivers/STM32F4xx_HAL_Driver/Src/stm32f4xx_hal_spi.o
                              0xd04a3 (size before relaxing)
 .debug_str     0x000d6b8c      0x473 Drivers/STM32F4xx_HAL_Driver/Src/stm32f4xx_ll_fmc.o
                              0xd02df (size before relaxing)
 .debug_str     0x000d6fff       0xc8 Src/main.o
                              0xd2dff (size before relaxing)
 .debug_str     0x000d70c7       0x5f Src/stm32f4xx_hal_msp.o
                              0xd09dc (size before relaxing)
 .debug_str     0x000d7126       0xb8 Src/stm32f4xx_it.o
                              0xcfb8c (size before relaxing)
 .debug_str     0x000d71de       0x5a Src/system_stm32f4xx.o
                              0xcfc8c (size before relaxing)
 .debug_str     0x000d7238       0x2f startup/startup_stm32f429xx.o
                                 0x43 (size before relaxing)

.comment        0x00000000       0x7f
 .comment       0x00000000       0x7f Drivers/BSP/Components/ili9341/ili9341.o
                                 0x80 (size before relaxing)
 .comment       0x0000007f       0x80 Drivers/BSP/STM32F429I-Discovery/stm32f429i_discovery.o
 .comment       0x0000007f       0x80 Drivers/BSP/STM32F429I-Discovery/stm32f429i_discovery_lcd.o
 .comment       0x0000007f       0x80 Drivers/BSP/STM32F429I-Discovery/stm32f429i_discovery_sdram.o
 .comment       0x0000007f       0x80 Drivers/STM32F4xx_HAL_Driver/Src/stm32f4xx_hal.o
 .comment       0x0000007f       0x80 Drivers/STM32F4xx_HAL_Driver/Src/stm32f4xx_hal_cortex.o
 .comment       0x0000007f       0x80 Drivers/STM32F4xx_HAL_Driver/Src/stm32f4xx_hal_dma.o
 .comment       0x0000007f       0x80 Drivers/STM32F4xx_HAL_Driver/Src/stm32f4xx_hal_dma2d.o
 .comment       0x0000007f       0x80 Drivers/STM32F4xx_HAL_Driver/Src/stm32f4xx_hal_gpio.o
 .comment       0x0000007f       0x80 Drivers/STM32F4xx_HAL_Driver/Src/stm32f4xx_hal_i2c.o
 .comment       0x0000007f       0x80 Drivers/STM32F4xx_HAL_Driver/Src/stm32f4xx_hal_i2c_ex.o
 .comment       0x0000007f       0x80 Drivers/STM32F4xx_HAL_Driver/Src/stm32f4xx_hal_ltdc.o
 .comment       0x0000007f       0x80 Drivers/STM32F4xx_HAL_Driver/Src/stm32f4xx_hal_pwr_ex.o
 .comment       0x0000007f       0x80 Drivers/STM32F4xx_HAL_Driver/Src/stm32f4xx_hal_rcc.o
 .comment       0x0000007f       0x80 Drivers/STM32F4xx_HAL_Driver/Src/stm32f4xx_hal_rcc_ex.o
 .comment       0x0000007f       0x80 Drivers/STM32F4xx_HAL_Driver/Src/stm32f4xx_hal_sdram.o
 .comment       0x0000007f       0x80 Drivers/STM32F4xx_HAL_Driver/Src/stm32f4xx_hal_spi.o
 .comment       0x0000007f       0x80 Drivers/STM32F4xx_HAL_Driver/Src/stm32f4xx_ll_fmc.o
 .comment       0x0000007f       0x80 Src/main.o
 .comment       0x0000007f       0x80 Src/stm32f4xx_hal_msp.o
 .comment       0x0000007f       0x80 Src/stm32f4xx_it.o
 .comment       0x0000007f       0x80 Src/system_stm32f4xx.o

.debug_frame    0x00000000     0x31e4
 .debug_frame   0x00000000       0xd8 Drivers/BSP/Components/ili9341/ili9341.o
 .debug_frame   0x000000d8      0x400 Drivers/BSP/STM32F429I-Discovery/stm32f429i_discovery.o
 .debug_frame   0x000004d8      0x558 Drivers/BSP/STM32F429I-Discovery/stm32f429i_discovery_lcd.o
 .debug_frame   0x00000a30      0x10c Drivers/BSP/STM32F429I-Discovery/stm32f429i_discovery_sdram.o
 .debug_frame   0x00000b3c      0x1ec Drivers/STM32F4xx_HAL_Driver/Src/stm32f4xx_hal.o
 .debug_frame   0x00000d28      0x15c Drivers/STM32F4xx_HAL_Driver/Src/stm32f4xx_hal_cortex.o
 .debug_frame   0x00000e84      0x188 Drivers/STM32F4xx_HAL_Driver/Src/stm32f4xx_hal_dma.o
 .debug_frame   0x0000100c      0x310 Drivers/STM32F4xx_HAL_Driver/Src/stm32f4xx_hal_dma2d.o
 .debug_frame   0x0000131c       0xd8 Drivers/STM32F4xx_HAL_Driver/Src/stm32f4xx_hal_gpio.o
 .debug_frame   0x000013f4      0x86c Drivers/STM32F4xx_HAL_Driver/Src/stm32f4xx_hal_i2c.o
 .debug_frame   0x00001c60       0x30 Drivers/STM32F4xx_HAL_Driver/Src/stm32f4xx_hal_i2c_ex.o
 .debug_frame   0x00001c90      0x3f0 Drivers/STM32F4xx_HAL_Driver/Src/stm32f4xx_hal_ltdc.o
 .debug_frame   0x00002080       0xec Drivers/STM32F4xx_HAL_Driver/Src/stm32f4xx_hal_pwr_ex.o
 .debug_frame   0x0000216c      0x184 Drivers/STM32F4xx_HAL_Driver/Src/stm32f4xx_hal_rcc.o
 .debug_frame   0x000022f0       0xd8 Drivers/STM32F4xx_HAL_Driver/Src/stm32f4xx_hal_rcc_ex.o
 .debug_frame   0x000023c8      0x248 Drivers/STM32F4xx_HAL_Driver/Src/stm32f4xx_hal_sdram.o
 .debug_frame   0x00002610      0x55c Drivers/STM32F4xx_HAL_Driver/Src/stm32f4xx_hal_spi.o
 .debug_frame   0x00002b6c      0x270 Drivers/STM32F4xx_HAL_Driver/Src/stm32f4xx_ll_fmc.o
 .debug_frame   0x00002ddc      0x108 Src/main.o
 .debug_frame   0x00002ee4      0x17c Src/stm32f4xx_hal_msp.o
 .debug_frame   0x00003060       0xa8 Src/stm32f4xx_it.o
 .debug_frame   0x00003108       0x30 Src/system_stm32f4xx.o
 .debug_frame   0x00003138       0x2c c:/ac6/systemworkbench/plugins/fr.ac6.mcu.externaltools.arm-none.win32_1.17.0.201812190825/tools/compiler/bin/../lib/gcc/arm-none-eabi/7.3.1/thumb/v7e-m/fpv4-sp/hard\libgcc.a(_aeabi_uldivmod.o)
 .debug_frame   0x00003164       0x34 c:/ac6/systemworkbench/plugins/fr.ac6.mcu.externaltools.arm-none.win32_1.17.0.201812190825/tools/compiler/bin/../lib/gcc/arm-none-eabi/7.3.1/thumb/v7e-m/fpv4-sp/hard\libgcc.a(_udivmoddi4.o)
 .debug_frame   0x00003198       0x2c c:/ac6/systemworkbench/plugins/fr.ac6.mcu.externaltools.arm-none.win32_1.17.0.201812190825/tools/compiler/bin/../lib/gcc/arm-none-eabi/7.3.1/../../../../arm-none-eabi/lib/thumb/v7e-m/fpv4-sp/hard\libc_nano.a(lib_a-init.o)
 .debug_frame   0x000031c4       0x20 c:/ac6/systemworkbench/plugins/fr.ac6.mcu.externaltools.arm-none.win32_1.17.0.201812190825/tools/compiler/bin/../lib/gcc/arm-none-eabi/7.3.1/../../../../arm-none-eabi/lib/thumb/v7e-m/fpv4-sp/hard\libc_nano.a(lib_a-memset.o)
